Phạm vi: 130 | đã có logo: 75 | sẽ crawl: 55

[1/55] AOF Học viện Tài chính...
    -> grounding (high) https://rxhcmmggzodoapyjxcug.supabase.co/storage/v1/object/public/scho
[2/55] BAA Học viện Ngân hàng...
  ↪ Playwright fallback cho www.hvnh.edu.vn (requests trả nội dung rỗng/ngắn)
    -> grounding (high) https://rxhcmmggzodoapyjxcug.supabase.co/storage/v1/object/public/scho
[3/55] BCH Học viện Báo chí và Tuyên truyền...
    -> grounding (high) https://rxhcmmggzodoapyjxcug.supabase.co/storage/v1/object/public/scho
[4/55] BPU Trường Đại học Dầu khí Việt Nam...
    -> grounding (high) https://rxhcmmggzodoapyjxcug.supabase.co/storage/v1/object/public/scho
[5/55] BVS Học viện Công nghệ Bưu chính Viễn thông (Cơ sở phía Nam)...
    -> grounding (high) https://rxhcmmggzodoapyjxcug.supabase.co/storage/v1/object/public/scho
[6/55] BVU Trường Đại học Bà Rịa - Vũng Tàu...
    -> grounding (high) https://rxhcmmggzodoapyjxcug.supabase.co/storage/v1/object/public/scho
[7/55] DBB Trường Đại học Công nghệ Đông Á...
    -> grounding (high) https://rxhcmmggzodoapyjxcug.supabase.co/storage/v1/object/public/scho
[8/55] DCG Trường Đại học Công nghệ Đồng Nai...
/Users/fuzzefer/projects/zpath/pipeline/.venv/lib/python3.14/site-packages/urllib3/connectionpool.py:1110: InsecureRequestWarning: Unverified HTTPS request is being made to host 'dntu.edu.vn'. Adding certificate verification is strongly advised. See: https://urllib3.readthedocs.io/en/latest/advanced-usage.html#tls-warnings
  warnings.warn(
/Users/fuzzefer/projects/zpath/pipeline/.venv/lib/python3.14/site-packages/urllib3/connectionpool.py:1110: InsecureRequestWarning: Unverified HTTPS request is being made to host 'dntu.edu.vn'. Adding certificate verification is strongly advised. See: https://urllib3.readthedocs.io/en/latest/advanced-usage.html#tls-warnings
  warnings.warn(
  ⚠️  SSL verify FAILED cho vertexaisearch.cloud.google.com -> retry với verify=False. Dữ liệu vẫn lấy được, nhưng domain này có vấn đề chứng chỉ SSL (cần lưu ý). Chi tiết: HTTPSConnectionPool(host='dntu.edu.vn', port=443): Max retries exceeded with url: / (Caused by SSLError(SSLCertVerificationError(1, '[SSL: CERTIFICATE_VERIFY_FAILED] certificate verify failed: unable to get local issuer certificate (_ssl.c:1081)')))
    -> grounding (high) https://rxhcmmggzodoapyjxcug.supabase.co/storage/v1/object/public/scho
[9/55] DDK Trường Đại học Bách khoa - Đại học Đà Nẵng...
    -> grounding (high) https://rxhcmmggzodoapyjxcug.supabase.co/storage/v1/object/public/scho
[10/55] DGH Trường Đại học Sư phạm Hà Nội...
    -> grounding (high) https://rxhcmmggzodoapyjxcug.supabase.co/storage/v1/object/public/scho
[11/55] DHD Trường Đại học Hải Dương...
    -> grounding (high) https://rxhcmmggzodoapyjxcug.supabase.co/storage/v1/object/public/scho
[12/55] DHT Trường Đại học Hà Tĩnh...
    -> grounding (high) https://rxhcmmggzodoapyjxcug.supabase.co/storage/v1/object/public/scho
[13/55] DHV Trường Đại học Hùng Vương...
  ↪ Playwright fallback cho vertexaisearch.cloud.google.com (requests trả nội dung rỗng/ngắn)
    -> grounding (high) https://rxhcmmggzodoapyjxcug.supabase.co/storage/v1/object/public/scho
[14/55] DLH Trường Đại học Lạc Hồng...
    -> grounding (high) https://rxhcmmggzodoapyjxcug.supabase.co/storage/v1/object/public/scho
[15/55] DLU Trường Đại học Đà Lạt...
/Users/fuzzefer/projects/zpath/pipeline/.venv/lib/python3.14/site-packages/urllib3/connectionpool.py:1110: InsecureRequestWarning: Unverified HTTPS request is being made to host 'dlu.edu.vn'. Adding certificate verification is strongly advised. See: https://urllib3.readthedocs.io/en/latest/advanced-usage.html#tls-warnings
  warnings.warn(
/Users/fuzzefer/projects/zpath/pipeline/.venv/lib/python3.14/site-packages/urllib3/connectionpool.py:1110: InsecureRequestWarning: Unverified HTTPS request is being made to host 'tuyensinh.dlu.edu.vn'. Adding certificate verification is strongly advised. See: https://urllib3.readthedocs.io/en/latest/advanced-usage.html#tls-warnings
  warnings.warn(
/Users/fuzzefer/projects/zpath/pipeline/.venv/lib/python3.14/site-packages/urllib3/connectionpool.py:1110: InsecureRequestWarning: Unverified HTTPS request is being made to host 'tuyensinh.dlu.edu.vn'. Adding certificate verification is strongly advised. See: https://urllib3.readthedocs.io/en/latest/advanced-usage.html#tls-warnings
  warnings.warn(
  ⚠️  SSL verify FAILED cho vertexaisearch.cloud.google.com -> retry với verify=False. Dữ liệu vẫn lấy được, nhưng domain này có vấn đề chứng chỉ SSL (cần lưu ý). Chi tiết: HTTPSConnectionPool(host='dlu.edu.vn', port=443): Max retries exceeded with url: /lich-su-hinh-thanh-va-phat-trien/ (Caused by SSLError(SSLCertVerificationError(1, '[SSL: CERTIFICATE_VERIFY_FAILED] certificate verify failed: unable to get local issuer certificate (_ssl.c:1081)')))
  ⚠️  SSL verify FAILED cho vertexaisearch.cloud.google.com -> retry với verify=False. Dữ liệu vẫn lấy được, nhưng domain này có vấn đề chứng chỉ SSL (cần lưu ý). Chi tiết: HTTPSConnectionPool(host='tuyensinh.dlu.edu.vn', port=443): Max retries exceeded with url: / (Caused by SSLError(SSLCertVerificationError(1, '[SSL: CERTIFICATE_VERIFY_FAILED] certificate verify failed: unable to get local issuer certificate (_ssl.c:1081)')))
    -> grounding (high) https://rxhcmmggzodoapyjxcug.supabase.co/storage/v1/object/public/scho
[16/55] DNT Trường Đại học Ngoại ngữ - Tin học Thành phố Hồ Chí Minh...
    -> grounding (high) https://rxhcmmggzodoapyjxcug.supabase.co/storage/v1/object/public/scho
[17/55] DNU Trường Đại học Đồng Nai...
    -> grounding (high) https://rxhcmmggzodoapyjxcug.supabase.co/storage/v1/object/public/scho
[18/55] DTB Trường Đại học Thái Bình...
    -> grounding (high) https://rxhcmmggzodoapyjxcug.supabase.co/storage/v1/object/public/scho
[19/55] DTC Trường Đại học Tây Đô...
    -> grounding (high) https://rxhcmmggzodoapyjxcug.supabase.co/storage/v1/object/public/scho
[20/55] DTF Trường Ngoại ngữ - Đại học Thái Nguyên...
    -> grounding (high) https://rxhcmmggzodoapyjxcug.supabase.co/storage/v1/object/public/scho
[21/55] DYV Trường Đại học Y khoa Phạm Ngọc Thạch...
    -> grounding (high) https://rxhcmmggzodoapyjxcug.supabase.co/storage/v1/object/public/scho
[22/55] GDU Trường Đại học Gia Định...
    -> grounding (high) https://rxhcmmggzodoapyjxcug.supabase.co/storage/v1/object/public/scho
[23/55] GTA Trường Đại học Giao thông Vận tải...
    -> grounding (high) https://rxhcmmggzodoapyjxcug.supabase.co/storage/v1/object/public/scho
[24/55] HCS Học viện Hành chính Quốc gia (Cơ sở phía Nam)...
    -> grounding (high) https://rxhcmmggzodoapyjxcug.supabase.co/storage/v1/object/public/scho
[25/55] HCV Học viện Hành chính Quốc gia...
    -> grounding (high) https://rxhcmmggzodoapyjxcug.supabase.co/storage/v1/object/public/scho
[26/55] HLU Trường Đại học Hạ Long...
    -> grounding (high) https://rxhcmmggzodoapyjxcug.supabase.co/storage/v1/object/public/scho
[27/55] HUTECH Trường Đại học Công nghệ Thành phố Hồ Chí Minh...
    -> grounding (high) https://rxhcmmggzodoapyjxcug.supabase.co/storage/v1/object/public/scho
[28/55] HVC Học viện Cán bộ Thành phố Hồ Chí Minh...
    -> grounding (high) https://rxhcmmggzodoapyjxcug.supabase.co/storage/v1/object/public/scho
[29/55] HVN Học viện Nông nghiệp Việt Nam...
    -> favicon (low) https://rxhcmmggzodoapyjxcug.supabase.co/storage/v1/object/public/scho
[30/55] MDA Trường Đại học Mỏ - Địa chất...
  ↪ Playwright fallback cho vertexaisearch.cloud.google.com (requests trả nội dung rỗng/ngắn)
    -> grounding (high) https://rxhcmmggzodoapyjxcug.supabase.co/storage/v1/object/public/scho
[31/55] MHT Trường Đại học Mỹ thuật Việt Nam...
    -> grounding (high) https://rxhcmmggzodoapyjxcug.supabase.co/storage/v1/object/public/scho
[32/55] NHS Trường Đại học Ngân hàng Thành phố Hồ Chí Minh...
    -> grounding (high) https://rxhcmmggzodoapyjxcug.supabase.co/storage/v1/object/public/scho
[33/55] NSP Trường Đại học Sư phạm Nghệ thuật Trung ương...
    -> grounding (high) https://rxhcmmggzodoapyjxcug.supabase.co/storage/v1/object/public/scho
[34/55] NTT Trường Đại học Nguyễn Tất Thành...
    -> grounding (high) https://rxhcmmggzodoapyjxcug.supabase.co/storage/v1/object/public/scho
[35/55] QHE Trường Đại học Kinh tế - Đại học Quốc gia Hà Nội...
/Users/fuzzefer/projects/zpath/pipeline/.venv/lib/python3.14/site-packages/urllib3/connectionpool.py:1110: InsecureRequestWarning: Unverified HTTPS request is being made to host 'vnu.vn'. Adding certificate verification is strongly advised. See: https://urllib3.readthedocs.io/en/latest/advanced-usage.html#tls-warnings
  warnings.warn(
  ⚠️  SSL verify FAILED cho vertexaisearch.cloud.google.com -> retry với verify=False. Dữ liệu vẫn lấy được, nhưng domain này có vấn đề chứng chỉ SSL (cần lưu ý). Chi tiết: HTTPSConnectionPool(host='vnu.vn', port=443): Max retries exceeded with url: /ttsk/?C1707/N64/TRuoNG-daI-HoC-KINH-Te-(VNU-UEB).htm (Caused by SSLError(SSLCertVerificationError(1, "[SSL: CERTIFICATE_VERIFY_FAILED] certificate verify failed: Hostname mismatch, certificate is not valid for 'vnu.vn'. (_ssl.c:1081)")))
  ⚠️  SSL verify FAILED cho vertexaisearch.cloud.google.com -> retry với verify=False. Dữ liệu vẫn lấy được, nhưng domain này có vấn đề chứng chỉ SSL (cần lưu ý). Chi tiết: HTTPSConnectionPool(host='tuyensinh.vnu.edu.vn', port=443): Max retries exceeded with url: /index.php/Home/viewpage/36 (Caused by SSLError(SSLCertVerificationError(1, '[SSL: CERTIFICATE_VERIFY_FAILED] certificate verify failed: unable to get local issuer certificate (_ssl.c:1081)')))
    -> grounding (high) https://rxhcmmggzodoapyjxcug.supabase.co/storage/v1/object/public/scho
[36/55] QHF Trường Đại học Ngoại ngữ - Đại học Quốc gia Hà Nội...
    -> grounding (high) https://rxhcmmggzodoapyjxcug.supabase.co/storage/v1/object/public/scho
[37/55] QHL Trường Đại học Luật - Đại học Quốc gia Hà Nội...
    -> grounding (high) https://rxhcmmggzodoapyjxcug.supabase.co/storage/v1/object/public/scho
[38/55] QSQ Trường Đại học Quốc tế - Đại học Quốc gia Thành phố Hồ Chí Minh...
    -> grounding (high) https://rxhcmmggzodoapyjxcug.supabase.co/storage/v1/object/public/scho
[39/55] QSY Học viện Khoa học Sức khỏe - Đại học Quốc gia Thành phố Hồ Chí Minh...
/Users/fuzzefer/projects/zpath/pipeline/.venv/lib/python3.14/site-packages/urllib3/connectionpool.py:1110: InsecureRequestWarning: Unverified HTTPS request is being made to host 'zunia.vn'. Adding certificate verification is strongly advised. See: https://urllib3.readthedocs.io/en/latest/advanced-usage.html#tls-warnings
  warnings.warn(
/Users/fuzzefer/projects/zpath/pipeline/.venv/lib/python3.14/site-packages/urllib3/connectionpool.py:1110: InsecureRequestWarning: Unverified HTTPS request is being made to host 'zunia.vn'. Adding certificate verification is strongly advised. See: https://urllib3.readthedocs.io/en/latest/advanced-usage.html#tls-warnings
  warnings.warn(
  ⚠️  SSL verify FAILED cho vertexaisearch.cloud.google.com -> retry với verify=False. Dữ liệu vẫn lấy được, nhưng domain này có vấn đề chứng chỉ SSL (cần lưu ý). Chi tiết: HTTPSConnectionPool(host='zunia.vn', port=443): Max retries exceeded with url: /medvnu (Caused by SSLError(SSLCertVerificationError(1, '[SSL: CERTIFICATE_VERIFY_FAILED] certificate verify failed: certificate has expired (_ssl.c:1081)')))
    -> grounding (high) https://rxhcmmggzodoapyjxcug.supabase.co/storage/v1/object/public/scho
[40/55] SDU Trường Đại học Sao Đỏ...
    -> grounding (high) https://rxhcmmggzodoapyjxcug.supabase.co/storage/v1/object/public/scho
[41/55] TDM Trường Đại học Thủ Dầu Một...
  ↪ Playwright fallback cho vertexaisearch.cloud.google.com (requests trả nội dung rỗng/ngắn)
    -> grounding (high) https://rxhcmmggzodoapyjxcug.supabase.co/storage/v1/object/public/scho
[42/55] THU Trường Đại học Thành Đô...
    -> grounding (high) https://rxhcmmggzodoapyjxcug.supabase.co/storage/v1/object/public/scho
[43/55] TLA Trường Đại học Thủy lợi...
    -> grounding (high) https://rxhcmmggzodoapyjxcug.supabase.co/storage/v1/object/public/scho
[44/55] TMA Trường Đại học Thương mại...
    -> grounding (high) https://rxhcmmggzodoapyjxcug.supabase.co/storage/v1/object/public/scho
[45/55] TTU Trường Đại học Tân Tạo...
    -> grounding (high) https://rxhcmmggzodoapyjxcug.supabase.co/storage/v1/object/public/scho
[46/55] VCO Trường Đại học Công nghệ và Quản lý Hữu Nghị...
    -> grounding (high) https://rxhcmmggzodoapyjxcug.supabase.co/storage/v1/object/public/scho
[47/55] VGU Trường Đại học Việt Đức...
    -> grounding (high) https://rxhcmmggzodoapyjxcug.supabase.co/storage/v1/object/public/scho
[48/55] VHS Trường Đại học Văn hóa Thành phố Hồ Chí Minh...
    -> grounding (high) https://rxhcmmggzodoapyjxcug.supabase.co/storage/v1/object/public/scho
[49/55] VUP Trường Đại học Sư phạm Kỹ thuật Vĩnh Long...
  ⚠️  SSL verify FAILED cho vertexaisearch.cloud.google.com -> retry với verify=False. Dữ liệu vẫn lấy được, nhưng domain này có vấn đề chứng chỉ SSL (cần lưu ý). Chi tiết: HTTPSConnectionPool(host='diemthi.egitech.vn', port=443): Max retries exceeded with url: /tim-truong/dai-hoc-su-pham-ky-thuat-vinh-long-196 (Caused by SSLError(SSLCertVerificationError(1, '[SSL: CERTIFICATE_VERIFY_FAILED] certificate verify failed: certificate has expired (_ssl.c:1081)')))
    -> grounding (high) https://rxhcmmggzodoapyjxcug.supabase.co/storage/v1/object/public/scho
[50/55] XDA Trường Đại học Xây dựng Hà Nội...
    -> grounding (high) https://rxhcmmggzodoapyjxcug.supabase.co/storage/v1/object/public/scho
[51/55] YCT Trường Đại học Y Dược Cần Thơ...
/Users/fuzzefer/projects/zpath/pipeline/.venv/lib/python3.14/site-packages/urllib3/connectionpool.py:1110: InsecureRequestWarning: Unverified HTTPS request is being made to host 'media.ctump.edu.vn'. Adding certificate verification is strongly advised. See: https://urllib3.readthedocs.io/en/latest/advanced-usage.html#tls-warnings
  warnings.warn(
  ⚠️  SSL verify FAILED cho vertexaisearch.cloud.google.com -> retry với verify=False. Dữ liệu vẫn lấy được, nhưng domain này có vấn đề chứng chỉ SSL (cần lưu ý). Chi tiết: HTTPSConnectionPool(host='www.ctump.edu.vn', port=443): Max retries exceeded with url: / (Caused by SSLError(SSLCertVerificationError(1, '[SSL: CERTIFICATE_VERIFY_FAILED] certificate verify failed: unable to get local issuer certificate (_ssl.c:1081)')))
  ⚠️  SSL verify FAILED cho vertexaisearch.cloud.google.com -> retry với verify=False. Dữ liệu vẫn lấy được, nhưng domain này có vấn đề chứng chỉ SSL (cần lưu ý). Chi tiết: HTTPSConnectionPool(host='www.ctump.edu.vn', port=443): Max retries exceeded with url: /gioi-thieu-lich-su-hinh-thanh-va-phat-trien.html (Caused by SSLError(SSLCertVerificationError(1, '[SSL: CERTIFICATE_VERIFY_FAILED] certificate verify failed: unable to get local issuer certificate (_ssl.c:1081)')))
    -> grounding (high) 
[52/55] YDN Trường Đại học Kỹ thuật Y Dược Đà Nẵng...
/Users/fuzzefer/projects/zpath/pipeline/.venv/lib/python3.14/site-packages/urllib3/connectionpool.py:1110: InsecureRequestWarning: Unverified HTTPS request is being made to host 'qltuyensinh.dhktyduocdn.edu.vn'. Adding certificate verification is strongly advised. See: https://urllib3.readthedocs.io/en/latest/advanced-usage.html#tls-warnings
  warnings.warn(
/Users/fuzzefer/projects/zpath/pipeline/.venv/lib/python3.14/site-packages/urllib3/connectionpool.py:1110: InsecureRequestWarning: Unverified HTTPS request is being made to host 'qltuyensinh.dhktyduocdn.edu.vn'. Adding certificate verification is strongly advised. See: https://urllib3.readthedocs.io/en/latest/advanced-usage.html#tls-warnings
  warnings.warn(
/Users/fuzzefer/projects/zpath/pipeline/.venv/lib/python3.14/site-packages/urllib3/connectionpool.py:1110: InsecureRequestWarning: Unverified HTTPS request is being made to host 'qltuyensinh.dhktyduocdn.edu.vn'. Adding certificate verification is strongly advised. See: https://urllib3.readthedocs.io/en/latest/advanced-usage.html#tls-warnings
  warnings.warn(
/Users/fuzzefer/projects/zpath/pipeline/.venv/lib/python3.14/site-packages/urllib3/connectionpool.py:1110: InsecureRequestWarning: Unverified HTTPS request is being made to host 'qltuyensinh.dhktyduocdn.edu.vn'. Adding certificate verification is strongly advised. See: https://urllib3.readthedocs.io/en/latest/advanced-usage.html#tls-warnings
  warnings.warn(
/Users/fuzzefer/projects/zpath/pipeline/.venv/lib/python3.14/site-packages/urllib3/connectionpool.py:1110: InsecureRequestWarning: Unverified HTTPS request is being made to host 'qltuyensinh.dhktyduocdn.edu.vn'. Adding certificate verification is strongly advised. See: https://urllib3.readthedocs.io/en/latest/advanced-usage.html#tls-warnings
  warnings.warn(
/Users/fuzzefer/projects/zpath/pipeline/.venv/lib/python3.14/site-packages/urllib3/connectionpool.py:1110: InsecureRequestWarning: Unverified HTTPS request is being made to host 'qltuyensinh.dhktyduocdn.edu.vn'. Adding certificate verification is strongly advised. See: https://urllib3.readthedocs.io/en/latest/advanced-usage.html#tls-warnings
  warnings.warn(
  ⚠️  SSL verify FAILED cho vertexaisearch.cloud.google.com -> retry với verify=False. Dữ liệu vẫn lấy được, nhưng domain này có vấn đề chứng chỉ SSL (cần lưu ý). Chi tiết: HTTPSConnectionPool(host='qltuyensinh.dhktyduocdn.edu.vn', port=443): Max retries exceeded with url: / (Caused by SSLError(SSLCertVerificationError(1, '[SSL: CERTIFICATE_VERIFY_FAILED] certificate verify failed: unable to get local issuer certificate (_ssl.c:1081)')))
    -> grounding (high) https://rxhcmmggzodoapyjxcug.supabase.co/storage/v1/object/public/scho
[53/55] YHB Trường Đại học Y Hà Nội...
  ↪ Playwright fallback cho vertexaisearch.cloud.google.com (requests trả nội dung rỗng/ngắn)
  ↪ Playwright fallback cho vertexaisearch.cloud.google.com (requests trả nội dung rỗng/ngắn)
    -> grounding (high) https://rxhcmmggzodoapyjxcug.supabase.co/storage/v1/object/public/scho
[54/55] YHP Trường Đại học Y Dược Hải Phòng...
    -> grounding (high) https://rxhcmmggzodoapyjxcug.supabase.co/storage/v1/object/public/scho
[55/55] YKV Trường Đại học Y khoa Vinh...
    -> grounding (high) https://rxhcmmggzodoapyjxcug.supabase.co/storage/v1/object/public/scho

✅ Xong 55 trường.
   Summary: /Users/fuzzefer/projects/zpath/pipeline/data/output/logo_summary.csv
   Files: /Users/fuzzefer/projects/zpath/pipeline/data/output/logo_files/
