=== [1/3] PROGRAMS batch4 Fri Jun 19 20:36:28 +07 2026 ===
Phạm vi: 39 trường | đã có data: 0 | sẽ crawl: 39

[1/39] NHS Trường Đại học Ngân hàng Thành phố Hồ Chí Minh...
    -> success, records: 12 (year 2025) (https://tuyensinh.hub.edu.vn/dai-hoc/dai-hoc-chinh-quy-chuan)
[2/39] DMS Trường Đại học Tài chính - Marketing...
    -> success, records: 15 (year 2025) (https://taro.edu.vn/de-an-tuyen-sinh/dai-hoc-tai-chinh-marketing-DMS)
[3/39] HSU Trường Đại học Hoa Sen...
    -> success, records: 31 (year 2025) (https://diemthi.tuyensinh247.com/de-an-tuyen-sinh/dai-hoc-hoa-sen-HSU.)
[4/39] GTS Trường Đại học Giao thông Vận tải Thành phố Hồ Chí Minh...
  ↪ Playwright fallback cho utc2.edu.vn (requests trả nội dung rỗng/ngắn)
  ⚠️  SSL verify FAILED cho tuyensinh.utc2.edu.vn -> retry với verify=False. Dữ liệu vẫn lấy được, nhưng domain này có vấn đề chứng chỉ SSL (cần lưu ý). Chi tiết: HTTPSConnectionPool(host='tuyensinh.utc2.edu.vn', port=443): Max retries exceeded with url: / (Caused by SSLError(SSLCertVerificationError(1, '[SSL: CERTIFICATE_VERIFY_FAILED] certificate verify failed: unable to get local issuer certificate (_ssl.c:1081)')))
    -> success, records: 19 (year 2026) (https://tuyensinh.utc2.edu.vn/)
[5/39] HHK Học viện Hàng không Việt Nam...
    -> success, records: 18 (year 2026) (https://vaa.edu.vn/)
[6/39] DTM Trường Đại học Tài nguyên và Môi trường Thành phố Hồ Chí Minh...
    -> success, records: 17 (year 2026) (https://tuyensinh.hcmunre.edu.vn/)
[7/39] DVH Trường Đại học Văn Hiến...
  ↪ Playwright fallback cho tuyensinh.vhu.edu.vn (requests trả nội dung rỗng/ngắn)
    -> success, records: 44 (year 2026) (https://tuyensinh.vhu.edu.vn/)
[8/39] GDU Trường Đại học Gia Định...
    -> success, records: 29 (year 2026) (https://thi.tuyensinh247.com/thong-tin-tuyen-sinh-dai-hoc-gia-dinh-nam)
[9/39] TSN Trường Đại học Nha Trang...
    -> success, records: 52 (year 2026) (https://tuyensinh.ntu.edu.vn/)
[10/39] HVN Học viện Nông nghiệp Việt Nam...
    -> success, records: 23 (year 2026) (https://diemthi.tuyensinh247.com/de-an-tuyen-sinh/hoc-vien-nong-nghiep)
[11/39] DMT Trường Đại học Tài nguyên và Môi trường Hà Nội...
    -> success, records: 24 (year 2026) (https://diemthi.tuyensinh247.com/thong-tin-dai-hoc-tai-nguyen-va-moi-t)
[12/39] FBU Trường Đại học Tài chính - Ngân hàng Hà Nội...
    -> success, records: 12 (year 2026) (https://diemthi.tuyensinh247.com/de-an-tuyen-sinh/dai-hoc-tai-chinh-ng)
[13/39] SDU Trường Đại học Sao Đỏ...
    -> success, records: 12 (year 2026) (https://images.tuyensinh247.com/picture/2026/0330/thong-tin-tuyen-sinh)
[14/39] VHD Trường Đại học Công nghiệp Việt - Hung...
    -> success, records: 13 (year 2026) (https://viu.edu.vn/)
[15/39] DVP Trường Đại học Trưng Vương...
    -> success, records: 14 (year 2026) (https://tv-uni.edu.vn/)
[16/39] NTU Trường Đại học Nguyễn Trãi...
    -> success, records: 10 (year 2026) (https://taro.edu.vn/de-an-tuyen-sinh/dai-hoc-nguyen-trai-NTU)
[17/39] DNU Trường Đại học Đồng Nai...
    -> success, records: 11 (year 2026) (https://diemthi.tuyensinh247.com/de-an-tuyen-sinh/dai-hoc-dong-nai-DNU)
[18/39] BMU Trường Đại học Y Dược Buôn Ma Thuột...
    -> needs_deeper_crawl, records: 0 (year 2025) (https://bmu.edu.vn/)
[19/39] YKV Trường Đại học Y khoa Vinh...
    -> success, records: 5 (year 2026) (https://diemthi.tuyensinh247.com/de-an-tuyen-sinh/dai-hoc-y-khoa-vinh-)
[20/39] TTQ Trường Đại học Quốc tế Sài Gòn...
  ⚠️  SSL verify FAILED cho www.siu.edu.vn -> retry với verify=False. Dữ liệu vẫn lấy được, nhưng domain này có vấn đề chứng chỉ SSL (cần lưu ý). Chi tiết: HTTPSConnectionPool(host='www.siu.edu.vn', port=443): Max retries exceeded with url: / (Caused by SSLError(SSLCertVerificationError(1, '[SSL: CERTIFICATE_VERIFY_FAILED] certificate verify failed: unable to get local issuer certificate (_ssl.c:1081)')))
    -> success, records: 14 (year 2026) (https://tuyensinh.siu.edu.vn/)
[21/39] VBU Trường Đại học Quốc tế Bắc Hà...
    -> success, records: 8 (year 2025) (https://diemthi.tuyensinh247.com/de-an-tuyen-sinh/dai-hoc-quoc-te-bac-)
[22/39] DBB Trường Đại học Công nghệ Đông Á...
    -> partial, records: 6 (year 2026) (https://giaoduc.net.vn/nam-2026-truong-dh-cong-nghe-dong-a-mo-them-6-n)
[23/39] DLD Trường Đại học Đại Nam...
    -> partial, records: 33 (year 2025) (https://tuyensinh.dainam.edu.vn/vi/tin-tuc/dai-hoc-dai-nam-xet-tuyen-b)
[24/39] DKB Trường Đại học Kinh tế - Kỹ thuật Bình Dương...
    -> success, records: 20 (year 2026) (https://www.ktkt.edu.vn/)
[25/39] DQU Trường Đại học Quảng Nam...
    -> success, records: 16 (year 2025) (https://images.tuyensinh247.com/user_data/2025/0409/De_an_tuyen_sinh_2)
[26/39] DTT Trường Đại học Tiền Giang...
  ↪ Playwright fallback cho tsnk.tgu.edu.vn (requests trả nội dung rỗng/ngắn)
    -> needs_deeper_crawl, records: 0 (year 2026) (https://www.tgu.edu.vn/)
[27/39] DTV Trường Đại học Trà Vinh...
    -> success, records: 54 (year 2026) (https://diemthi.tuyensinh247.com/thong-tin-dai-hoc-tra-vinh-DVT.html)
[28/39] DTG Trường Đại học Trường Vinh...
    -> success, records: 74 (year 2026) (https://thi.tuyensinh247.com/dai-hoc-vinh-cong-bo-thong-tin-tuyen-sinh)
[29/39] KTD Trường Đại học Kiến trúc Đà Nẵng...
    -> success, records: 16 (year 2026) (https://diemthi.tuyensinh247.com/de-an-tuyen-sinh/dai-hoc-kien-truc-da)
[30/39] HVC Học viện Cán bộ Thành phố Hồ Chí Minh...
    -> success, records: 5 (year 2026) (http://tuyensinh.hcmca.edu.vn/)
[31/39] HCS Học viện Hành chính Quốc gia (Cơ sở phía Nam)...
    -> success, records: 9 (year 2026) (https://thi.tuyensinh247.com/thong-tin-tuyen-sinh-hoc-vien-hanh-chinh-)
[32/39] NTS Trường Đại học Ngoại thương (Cơ sở phía Nam)...
    -> success, records: 9 (year 2026) (https://thi.tuyensinh247.com/thong-tin-tuyen-sinh-dai-hoc-ngoai-thuong)
[33/39] QSY Học viện Khoa học Sức khỏe - Đại học Quốc gia Thành phố Hồ Chí Minh...
    -> success, records: 5 (year 2025) (https://thi.tuyensinh247.com/de-an-tuyen-sinh-dai-hoc-khoa-hoc-suc-kho)
[34/39] QSQ Trường Đại học Quốc tế - Đại học Quốc gia Thành phố Hồ Chí Minh...
    -> success, records: 24 (year 2026) (https://tuyensinh.hcmiu.edu.vn/)
[35/39] DTQ Phân hiệu Đại học Thái Nguyên tại Lào Cai...
    -> success, records: 11 (year 2026) (https://diemthi.tuyensinh247.com/de-an-tuyen-sinh/phan-hieu-dai-hoc-th)
[36/39] DTF Trường Ngoại ngữ - Đại học Thái Nguyên...
    -> success, records: 4 (year 2025) (https://diemthi.tuyensinh247.com/de-an-tuyen-sinh/truong-ngoai-ngu-tha)
[37/39] DTY Trường Đại học Y Dược - Đại học Thái Nguyên...
    -> success, records: 9 (year 2026) (https://diemthi.tuyensinh247.com/thong-tin-dai-hoc-y-duoc-dai-hoc-thai)
[38/39] DTS Trường Đại học Sư phạm - Đại học Thái Nguyên...
    -> success, records: 23 (year 2026) (https://diemthi.tuyensinh247.com/thong-tin-daihoc-su-pham-dai-hoc-thai)
[39/39] DTN Trường Đại học Nông Lâm - Đại học Thái Nguyên...
    -> needs_deeper_crawl, records: 0 (year 2026) (https://tuaf.edu.vn/)

✅ Xong 39 trường. ~39 grounding calls.
   Summary: /Users/fuzzefer/projects/zpath/pipeline/data/output/programs_2026_summary.csv
   JSON: /Users/fuzzefer/projects/zpath/pipeline/data/output/programs_2026_results/
=== [2/3] DIEMCHUAN 2025 batch4 Fri Jun 19 20:49:20 +07 2026 ===
Phạm vi: 39 trường | đã có data: 0 | sẽ crawl: 39

[1/39] Trường Đại học Ngân hàng Thành phố Hồ Chí Minh...
    -> success, records: 25 (https://diemthi.tuyensinh247.com/diem-chuan/dai-hoc-ngan-hang-tphcm-NH)
[2/39] Trường Đại học Tài chính - Marketing...
    -> success, records: 9 (https://diemthi.tuyensinh247.com/diem-chuan/dai-hoc-tai-chinh-marketin)
[3/39] Trường Đại học Hoa Sen...
    -> partial, records: 2 (https://www.hoasen.edu.vn/tuyensinh/diem-chuan-dai-hoc-hoa-sen-2025/)
[4/39] Trường Đại học Giao thông Vận tải Thành phố Hồ Chí Minh...
    -> success, records: 55 (https://diemthi.tuyensinh247.com/diem-chuan/dai-hoc-giao-thong-van-tai)
[5/39] Học viện Hàng không Việt Nam...
    -> success, records: 8 (https://diemthi.tuyensinh247.com/diem-chuan/hoc-vien-hang-khong-viet-n)
[6/39] Trường Đại học Tài nguyên và Môi trường Thành phố Hồ Chí Minh...
    -> success, records: 25 (https://diemthi.tuyensinh247.com/diem-chuan/dai-hoc-tai-nguyen-va-moi-)
[7/39] Trường Đại học Văn Hiến...
    -> success, records: 43 (https://giaoducthoidai.vn/diem-chuan-trung-tuyen-truong-dai-hoc-van-hi)
[8/39] Trường Đại học Gia Định...
    -> success, records: 30 (https://diemthi.tuyensinh247.com/diem-chuan/dai-hoc-gia-dinh-GDU.html)
[9/39] Trường Đại học Nha Trang...
    -> partial, records: 2 (https://vietnamnet.vn/diem-chuan-truong-dai-hoc-nha-trang-nam-2025-243)
[10/39] Học viện Nông nghiệp Việt Nam...
    -> success, records: 38 (https://diemthi.tuyensinh247.com/diem-chuan/hoc-vien-nong-nghiep-viet-)
[11/39] Trường Đại học Tài nguyên và Môi trường Hà Nội...
    -> success, records: 16 (https://diemthi.tuyensinh247.com/diem-chuan/dai-hoc-tai-nguyen-va-moi-)
[12/39] Trường Đại học Tài chính - Ngân hàng Hà Nội...
    -> success, records: 30 (https://diemthi.tuyensinh247.com/diem-chuan/dai-hoc-tai-chinh-ngan-han)
[13/39] Trường Đại học Sao Đỏ...
    -> success, records: 60 (https://diemthi.tuyensinh247.com/diem-chuan/dai-hoc-sao-do-SDU.html)
[14/39] Trường Đại học Công nghiệp Việt - Hung...
    -> success, records: 26 (https://navigates.vn/truong-hoc/dai-hoc-cong-nghiep-viet-hung/diem-chu)
[15/39] Trường Đại học Trưng Vương...
    -> needs_deeper_crawl, records: 0 (https://tv-uni.edu.vn/)
[16/39] Trường Đại học Nguyễn Trãi...
    -> success, records: 28 (https://diemthi.tuyensinh247.com/diem-chuan/dai-hoc-nguyen-trai-NTU.ht)
[17/39] Trường Đại học Đồng Nai...
    -> success, records: 13 (https://diemthi.tuyensinh247.com/diem-chuan/dai-hoc-dong-nai-DNU.html)
[18/39] Trường Đại học Y Dược Buôn Ma Thuột...
  ⚠️  SSL verify FAILED cho bmtu.edu.vn -> retry với verify=False. Dữ liệu vẫn lấy được, nhưng domain này có vấn đề chứng chỉ SSL (cần lưu ý). Chi tiết: HTTPSConnectionPool(host='bmtu.edu.vn', port=443): Max retries exceeded with url: / (Caused by SSLError(SSLCertVerificationError(1, "[SSL: CERTIFICATE_VERIFY_FAILED] certificate verify failed: Hostname mismatch, certificate is not valid for 'bmtu.edu.vn'. (_ssl.c:1081)")))
    -> needs_deeper_crawl, records: 0 (https://muaban.net/blog/diem-chuan-dai-hoc-buon-ma-thuot-183513/)
[19/39] Trường Đại học Y khoa Vinh...
    -> success, records: 9 (https://diemthi.tuyensinh247.com/diem-chuan/dai-hoc-y-khoa-vinh-YKV.ht)
[20/39] Trường Đại học Quốc tế Sài Gòn...
    -> partial, records: 4 (https://thanhnien.vn/nganh-nao-co-diem-chuan-cao-nhat-truong-dh-quoc-t)
[21/39] Trường Đại học Quốc tế Bắc Hà...
    -> needs_deeper_crawl, records: 0 (https://iubh.edu.vn/)
[22/39] Trường Đại học Công nghệ Đông Á...
    -> success, records: 18 (https://cellphones.com.vn/sforum/diem-chuan-dai-hoc-cong-nghe-dong-a-2)
[23/39] Trường Đại học Đại Nam...
    -> success, records: 7 (https://dainam.edu.vn/vi/tin-tuc/truong-dai-hoc-dai-nam-cong-bo-diem-c)
[24/39] Trường Đại học Kinh tế - Kỹ thuật Bình Dương...
    -> partial, records: 6 (https://tuyensinh.ktkt.edu.vn/blog-tuyen-sinh/truong-dai-hoc-kinh-te-k)
[25/39] Trường Đại học Quảng Nam...
    -> needs_deeper_crawl, records: 0 (http://www.qnamuni.edu.vn/)
[26/39] Trường Đại học Tiền Giang...
    -> partial, records: 2 (https://giaoducthoidai.vn/truong-dai-hoc-tien-giang-cong-bo-diem-chuan)
[27/39] Trường Đại học Trà Vinh...
    -> partial, records: 6 (https://www.tvu.edu.vn/truong-dai-hoc-tra-vinh-cong-bo-diem-chuan-dai-)
[28/39] Trường Đại học Trường Vinh...
    -> partial, records: 1 (https://www.bigschool.vn/diem-chuan-dai-hoc-vinh)
[29/39] Trường Đại học Kiến trúc Đà Nẵng...
  ↪ Playwright fallback cho vertexaisearch.cloud.google.com (requests trả nội dung rỗng/ngắn)
    -> partial, records: 2 (https://laodong.vn/giao-duc/diem-chuan-truong-dai-hoc-kien-truc-da-nan)
[30/39] Học viện Cán bộ Thành phố Hồ Chí Minh...
    -> success, records: 8 (https://xaydungchinhsach.chinhphu.vn/diem-chuan-hoc-vien-can-bo-tphcm-)
[31/39] Học viện Hành chính Quốc gia (Cơ sở phía Nam)...
    -> success, records: 22 (https://diemthi.tuyensinh247.com/diem-chuan/hoc-vien-hanh-chinh-va-qua)
[32/39] Trường Đại học Ngoại thương (Cơ sở phía Nam)...
    -> success, records: 13 (https://diemthi.tuyensinh247.com/diem-chuan/dai-hoc-ngoai-thuong-co-so)
[33/39] Học viện Khoa học Sức khỏe - Đại học Quốc gia Thành phố Hồ Chí Minh...
    -> success, records: 15 (https://diemthi.tuyensinh247.com/diem-chuan/dai-hoc-khoa-hoc-suc-khoe-)
[34/39] Trường Đại học Quốc tế - Đại học Quốc gia Thành phố Hồ Chí Minh...
    -> success, records: 20 (https://diemthi.tuyensinh247.com/diem-chuan/dai-hoc-quoc-te-dhqg-tphcm)
[35/39] Phân hiệu Đại học Thái Nguyên tại Lào Cai...
  ↪ Playwright fallback cho vertexaisearch.cloud.google.com (requests trả nội dung rỗng/ngắn)
  ↪ Playwright fallback cho laodong.vn (requests trả nội dung rỗng/ngắn)
    -> needs_deeper_crawl, records: 0 (https://laodong.vn/giao-duc/lich-cong-bo-diem-chuan-cua-cac-truong-dai)
[36/39] Trường Ngoại ngữ - Đại học Thái Nguyên...
    -> success, records: 16 (https://diemthi.tuyensinh247.com/diem-chuan/truong-ngoai-ngu-thai-nguy)
[37/39] Trường Đại học Y Dược - Đại học Thái Nguyên...
    -> success, records: 18 (https://diemthi.tuyensinh247.com/diem-chuan/dai-hoc-y-duoc-thai-nguyen)
[38/39] Trường Đại học Sư phạm - Đại học Thái Nguyên...
    -> success, records: 18 (https://diemthi.tuyensinh247.com/diem-chuan/dai-hoc-su-pham-thai-nguye)
[39/39] Trường Đại học Nông Lâm - Đại học Thái Nguyên...
    -> success, records: 3 (https://vietnamnet.vn/diem-chuan-truong-dai-hoc-nong-lam-thai-nguyen-n)

✅ Xong 39 trường. ~39 grounding calls.
   Summary: /Users/fuzzefer/projects/zpath/pipeline/data/output/diemchuan_summary.csv
   JSON: /Users/fuzzefer/projects/zpath/pipeline/data/output/diemchuan_results/
=== [3/3] TUITION batch4 Fri Jun 19 21:01:13 +07 2026 ===
Phạm vi: 39 | đã có: 0 | sẽ crawl: 39

[1/39] NHS Trường Đại học Ngân hàng Thành phố Hồ Chí Minh...
    -> success, ngành có học phí: 3, school_wide: 23.21-59.0 (https://diemthi.tuyensinh247.com/de-an-tuyen-sinh/dai-hoc-ng)
[2/39] DMS Trường Đại học Tài chính - Marketing...
    -> success, ngành có học phí: 0, school_wide: 30-65 (https://plo.vn/hoc-phi-truong-dh-tai-chinh-marketing-nam-202)
[3/39] HSU Trường Đại học Hoa Sen...
    -> success, ngành có học phí: 0, school_wide: 45-85 (https://www.hoasen.edu.vn/tuyensinh/tim-hieu-hoc-phi-dai-hoc)
[4/39] GTS Trường Đại học Giao thông Vận tải Thành phố Hồ Chí Minh...
    -> needs_deeper_crawl, ngành có học phí: 0, school_wide: - (https://tuyensinh.ut.edu.vn/)
[5/39] HHK Học viện Hàng không Việt Nam...
    -> success, ngành có học phí: 2, school_wide: 31-37 (https://tienphong.vn/hoc-phi-khung-o-hoc-vien-hang-khong-vie)
[6/39] DTM Trường Đại học Tài nguyên và Môi trường Thành phố Hồ Chí Minh...
    -> needs_deeper_crawl, ngành có học phí: 0, school_wide: - (https://tuyensinh.hcmunre.edu.vn/)
[7/39] DVH Trường Đại học Văn Hiến...
  ↪ Playwright fallback cho tuyensinh.vhu.edu.vn (requests trả nội dung rỗng/ngắn)
  ↪ Playwright fallback cho sotay.vhu.edu.vn (requests trả nội dung rỗng/ngắn)
    -> needs_deeper_crawl, ngành có học phí: 0, school_wide: - (https://tuyensinh.vhu.edu.vn/)
[8/39] GDU Trường Đại học Gia Định...
    -> success, ngành có học phí: 2, school_wide: 20.7-170 (https://thi.tuyensinh247.com/hoc-phi-cac-truong-dai-hoc-nam-)
[9/39] TSN Trường Đại học Nha Trang...
  ⚠️  SSL verify FAILED cho vertexaisearch.cloud.google.com -> retry với verify=False. Dữ liệu vẫn lấy được, nhưng domain này có vấn đề chứng chỉ SSL (cần lưu ý). Chi tiết: HTTPSConnectionPool(host='thongtinphanbac.vnanet.vn', port=443): Max retries exceeded with url: /tin-tuc/truong-dai-hoc-nha-trang-tang-hoc-phi-dung-lo-trinh/0a67e2b4-a5a6-401b-91a7-728bc157242e (Caused by SSLError(SSLError(1, '[SSL: UNSAFE_LEGACY_RENEGOTIATION_DISABLED] unsafe legacy renegotiation disabled (_ssl.c:1081)')))
    -> success, ngành có học phí: 2, school_wide: 10-24 (https://khoahoc.vietjack.com/tuyen-sinh/1082/hoc-phi-truong-)
[10/39] HVN Học viện Nông nghiệp Việt Nam...
    -> success, ngành có học phí: 11, school_wide: 18.3-41.58 (https://dienthoaivui.com.vn/back-to-school-hoc-phi-hoc-vien-)
[11/39] DMT Trường Đại học Tài nguyên và Môi trường Hà Nội...
    -> partial, ngành có học phí: 23, school_wide: - (https://baodanang.vn/hoc-phi-dai-hoc-tai-nguyen-va-moi-truon)
[12/39] FBU Trường Đại học Tài chính - Ngân hàng Hà Nội...
    -> success, ngành có học phí: 1, school_wide: - (https://dsdaihoc.com/truong/truong-dai-hoc-tai-chinh-ngan-ha)
[13/39] SDU Trường Đại học Sao Đỏ...
    -> success, ngành có học phí: 0, school_wide: 18-25 (https://vietjack.com/thong-tin-tuyen-sinh/hoc-phi-truong-dai)
[14/39] VHD Trường Đại học Công nghiệp Việt - Hung...
    -> needs_deeper_crawl, ngành có học phí: 0, school_wide: - (http://tuyensinh.viu.edu.vn/)
[15/39] DVP Trường Đại học Trưng Vương...
    -> partial, ngành có học phí: 1, school_wide: - (https://tv-uni.edu.vn/hoc-phi-truong-dai-hoc-trung-vuong-nga)
[16/39] NTU Trường Đại học Nguyễn Trãi...
    -> partial, ngành có học phí: 2, school_wide: - (https://cellphones.com.vn/sforum/dai-hoc-nguyen-trai-hoc-phi)
[17/39] DNU Trường Đại học Đồng Nai...
    -> success, ngành có học phí: 5, school_wide: 14.1-16.4 (https://khoahoc.vietjack.com/tuyen-sinh/1066/hoc-phi-dai-hoc)
[18/39] BMU Trường Đại học Y Dược Buôn Ma Thuột...
    -> success, ngành có học phí: 7, school_wide: - (https://diemthi.tuyensinh247.com/de-an-tuyen-sinh/dai-hoc-y-)
[19/39] YKV Trường Đại học Y khoa Vinh...
    -> success, ngành có học phí: 5, school_wide: 29-39 (https://diemthi.tuyensinh247.com/de-an-tuyen-sinh/dai-hoc-y-)
[20/39] TTQ Trường Đại học Quốc tế Sài Gòn...
    -> success, ngành có học phí: 1, school_wide: 35-35 (https://file.siu.edu.vn/UpLoad/HocPhi/2025-2026-thong-bao-ho)
[21/39] VBU Trường Đại học Quốc tế Bắc Hà...
    -> needs_deeper_crawl, ngành có học phí: 0, school_wide: - (https://iubh.edu.vn/)
[22/39] DBB Trường Đại học Công nghệ Đông Á...
    -> success, ngành có học phí: 3, school_wide: 23-35 (https://diemthi.tuyensinh247.com/de-an-tuyen-sinh/dai-hoc-co)
[23/39] DLD Trường Đại học Đại Nam...
    -> success, ngành có học phí: 30, school_wide: 38.7-99.0 (https://dienthoaivui.com.vn/back-to-school-hoc-phi-dai-hoc-d)
[24/39] DKB Trường Đại học Kinh tế - Kỹ thuật Bình Dương...
    -> success, ngành có học phí: 1, school_wide: 23.3-41.9 (https://vnur.vn/bang-hoc-phi-cac-truong-dai-hoc-o-viet-nam-n)
[25/39] DQU Trường Đại học Quảng Nam...
    -> success, ngành có học phí: 5, school_wide: 15.9-20.9 (https://khoahoc.vietjack.com/tuyen-sinh/1157/hoc-phi-dai-hoc)
[26/39] DTT Trường Đại học Tiền Giang...
    -> success, ngành có học phí: 0, school_wide: 14.8-19.2 (https://tgu.edu.vn/topics/?0.0.m%E1%BB%A9c-h%E1%BB%8Dc-ph%C3)
[27/39] DTV Trường Đại học Trà Vinh...
    -> partial, ngành có học phí: 2, school_wide: - (https://vietnamnet.vn/dai-hoc-tra-vinh-mien-hoc-phi-nam-nhat)
[28/39] DTG Trường Đại học Trường Vinh...
    -> success, ngành có học phí: 2, school_wide: 11.4-15.5 (https://giaoduc.net.vn/hoc-phi-nam-hoc-2025-2026-cua-nhieu-t)
[29/39] KTD Trường Đại học Kiến trúc Đà Nẵng...
    -> partial, ngành có học phí: 0, school_wide: 34-39 (https://cellphones.com.vn/sforum/hoc-phi-dai-hoc-kien-truc-d)
[30/39] HVC Học viện Cán bộ Thành phố Hồ Chí Minh...
    -> success, ngành có học phí: 5, school_wide: 39-44.5 (https://dienthoaivui.com.vn/back-to-school-hoc-vien-can-bo-t)
[31/39] HCS Học viện Hành chính Quốc gia (Cơ sở phía Nam)...
    -> success, ngành có học phí: 12, school_wide: 17-21 (https://dienthoaivui.com.vn/back-to-school-hoc-phi-hoc-vien-)
[32/39] NTS Trường Đại học Ngoại thương (Cơ sở phía Nam)...
  ⚠️  SSL verify FAILED cho cs2.ftu.edu.vn -> retry với verify=False. Dữ liệu vẫn lấy được, nhưng domain này có vấn đề chứng chỉ SSL (cần lưu ý). Chi tiết: HTTPSConnectionPool(host='cs2.ftu.edu.vn', port=443): Max retries exceeded with url: / (Caused by SSLError(SSLCertVerificationError(1, "[SSL: CERTIFICATE_VERIFY_FAILED] certificate verify failed: Hostname mismatch, certificate is not valid for 'cs2.ftu.edu.vn'. (_ssl.c:1081)")))
  ↪ Playwright fallback cho cs2.ftu.edu.vn (requests trả nội dung rỗng/ngắn)
  ⚠️  Playwright lỗi cho cs2.ftu.edu.vn: Page.goto: net::ERR_CERT_COMMON_NAME_INVALID at https://cs2.ftu.edu.vn/
Call log:
  - navigating to "https://cs2.ftu.edu.vn/", waiting until "domcontentloaded"

    -> needs_deeper_crawl, ngành có học phí: 0, school_wide: - (https://www.ftu.edu.vn/)
[33/39] QSY Học viện Khoa học Sức khỏe - Đại học Quốc gia Thành phố Hồ Chí Minh...
  ⚠️  SSL verify FAILED cho vertexaisearch.cloud.google.com -> retry với verify=False. Dữ liệu vẫn lấy được, nhưng domain này có vấn đề chứng chỉ SSL (cần lưu ý). Chi tiết: HTTPSConnectionPool(host='tuyensinh.vnuhcm.edu.vn', port=443): Max retries exceeded with url: /index.php?route=catalog/truong/tree&truong_id=9 (Caused by SSLError(SSLCertVerificationError(1, '[SSL: CERTIFICATE_VERIFY_FAILED] certificate verify failed: unable to get local issuer certificate (_ssl.c:1081)')))
    -> success, ngành có học phí: 5, school_wide: 53.2-70 (https://tuyensinh.vnuhcm.edu.vn/index.php?route=catalog/truo)
[34/39] QSQ Trường Đại học Quốc tế - Đại học Quốc gia Thành phố Hồ Chí Minh...
    -> success, ngành có học phí: 2, school_wide: 50-67 (https://vietjack.com/thong-tin-tuyen-sinh/hoc-phi-truong-dai)
[35/39] DTQ Phân hiệu Đại học Thái Nguyên tại Lào Cai...
    -> success, ngành có học phí: 8, school_wide: - (https://giaoduc.net.vn/chi-tiet-muc-hoc-phi-cac-truong-thanh)
[36/39] DTF Trường Ngoại ngữ - Đại học Thái Nguyên...
    -> partial, ngành có học phí: 0, school_wide: 12.528-15.042 (https://luatminhkhue.vn/hoc-phi-truong-ngoai-ngu-dai-hoc-tha)
[37/39] DTY Trường Đại học Y Dược - Đại học Thái Nguyên...
  ⚠️  SSL verify FAILED cho vertexaisearch.cloud.google.com -> retry với verify=False. Dữ liệu vẫn lấy được, nhưng domain này có vấn đề chứng chỉ SSL (cần lưu ý). Chi tiết: HTTPSConnectionPool(host='tuyensinh.tump.edu.vn', port=443): Max retries exceeded with url: / (Caused by SSLError(SSLCertVerificationError(1, '[SSL: CERTIFICATE_VERIFY_FAILED] certificate verify failed: unable to get local issuer certificate (_ssl.c:1081)')))
    -> needs_deeper_crawl, ngành có học phí: 0, school_wide: - (https://career.gpo.vn/dai-hoc-y-duoc-dh-thai-nguyen-tump-g17)
[38/39] DTS Trường Đại học Sư phạm - Đại học Thái Nguyên...
    -> needs_deeper_crawl, ngành có học phí: 0, school_wide: - (https://tnu.edu.vn/)
[39/39] DTN Trường Đại học Nông Lâm - Đại học Thái Nguyên...
    -> success, ngành có học phí: 1, school_wide: 18-20 (https://giaoduc.net.vn/diem-chuan-hoc-phi-va-tiem-luc-nckh-c)

✅ Xong 39 trường.
   Summary: /Users/fuzzefer/projects/zpath/pipeline/data/output/tuition_2026_summary.csv
   JSON: /Users/fuzzefer/projects/zpath/pipeline/data/output/tuition_2026_results/
=== DONE Fri Jun 19 21:13:36 +07 2026 ===
