=== [1/4] PROGRAMS: action1 (UET, VINUNI) Fri Jun 19 19:19:55 +07 2026 ===
Phạm vi: 2 trường | đã có data: 0 | sẽ crawl: 2

[1/2] UET Trường Đại học Công nghệ, Đại học Quốc gia Hà Nội...
    -> success, records: 20 (year 2026) (https://diemthi.tuyensinh247.com/thong-tin-dai-hoc-cong-nghe-dai-hoc-q)
[2/2] VINUNI Đại học VinUni...
    -> needs_deeper_crawl, records: 0 (year 2026) (https://vinuni.edu.vn/)

✅ Xong 2 trường. ~2 grounding calls.
   Summary: /Users/fuzzefer/projects/zpath/pipeline/data/output/programs_2026_summary.csv
   JSON: /Users/fuzzefer/projects/zpath/pipeline/data/output/programs_2026_results/
=== [2/4] PROGRAMS: batch3 (47) Fri Jun 19 19:20:26 +07 2026 ===
Phạm vi: 47 trường | đã có data: 0 | sẽ crawl: 47

[1/47] YHB Trường Đại học Y Hà Nội...
  ↪ Playwright fallback cho vertexaisearch.cloud.google.com (requests trả nội dung rỗng/ngắn)
    -> success, records: 19 (year 2025) (https://hmu.edu.vn/tin-tuc/6cc77ebb-5fdb-4c94-b338-a5956f43e85c/thong-)
[2/47] YTB Trường Đại học Y Dược Thái Bình...
    -> needs_deeper_crawl, records: 0 (year 2026) (https://tbump.edu.vn/)
[3/47] YHP Trường Đại học Y Dược Hải Phòng...
    -> success, records: 7 (year 2025) (https://huongnghiep.hocmai.vn/tuyen-sinh-2025-dai-hoc-y-duoc-hai-phong)
[4/47] YCT Trường Đại học Y Dược Cần Thơ...
    -> success, records: 15 (year 2026) (https://diemthi.tuyensinh247.com/thong-tin-dai-hoc-y-duoc-can-tho-YCT.)
[5/47] DYV Trường Đại học Y khoa Phạm Ngọc Thạch...
    -> success, records: 13 (year 2026) (https://diemthi.tuyensinh247.com/de-an-tuyen-sinh/dai-hoc-y-khoa-pham-)
[6/47] YDN Trường Đại học Kỹ thuật Y Dược Đà Nẵng...
    -> needs_deeper_crawl, records: 0 (year 2026) (https://ydn.edu.vn/)
[7/47] DGH Trường Đại học Sư phạm Hà Nội...
    -> partial, records: 20 (year 2026) (https://tuyensinh.hnue.edu.vn/)
[8/47] NSP Trường Đại học Sư phạm Nghệ thuật Trung ương...
    -> success, records: 14 (year 2026) (https://qltuyensinh.spnttw.edu.vn/)
[9/47] TLA Trường Đại học Thủy lợi...
    -> success, records: 46 (year 2026) (https://thi.tuyensinh247.com/thong-tin-tuyen-sinh-truong-dai-hoc-thuy-)
[10/47] MTA Học viện Kỹ thuật Quân sự...
  ↪ Playwright fallback cho mta.edu.vn (requests trả nội dung rỗng/ngắn)
  ↪ Playwright fallback cho mta.edu.vn (requests trả nội dung rỗng/ngắn)
    -> needs_deeper_crawl, records: 0 (year 2026) (https://mta.edu.vn/)
[11/47] XDA Trường Đại học Xây dựng Hà Nội...
    -> success, records: 43 (year 2026) (https://diemthi.tuyensinh247.com/de-an-tuyen-sinh/dai-hoc-xay-dung-ha-)
[12/47] MDA Trường Đại học Mỏ - Địa chất...
    -> success, records: 47 (year 2026) (https://diemthi.tuyensinh247.com/de-an-tuyen-sinh/dai-hoc-mo-dia-chat-)
[13/47] GTA Trường Đại học Giao thông Vận tải...
    -> success, records: 33 (year 2026) (https://diemthi.tuyensinh247.com/de-an-tuyen-sinh/dai-hoc-giao-thong-v)
[14/47] HCV Học viện Hành chính Quốc gia...
    -> success, records: 41 (year 2026) (https://diemthi.tuyensinh247.com/de-an-tuyen-sinh/hoc-vien-hanh-chinh-)
[15/47] BCH Học viện Báo chí và Tuyên truyền...
    -> success, records: 32 (year 2026) (https://diemthi.tuyensinh247.com/de-an-tuyen-sinh/hoc-vien-bao-chi-va-)
[16/47] AOF Học viện Tài chính...
    -> success, records: 50 (year 2026) (https://diemthi.tuyensinh247.com/thong-tin-hoc-vien-tai-chinh-HTC.html)
[17/47] BAA Học viện Ngân hàng...
    -> success, records: 45 (year 2026) (https://diemthi.tuyensinh247.com/de-an-tuyen-sinh/hoc-vien-ngan-hang-N)
[18/47] QHE Trường Đại học Kinh tế - Đại học Quốc gia Hà Nội...
    -> success, records: 8 (year 2026) (https://diemthi.tuyensinh247.com/de-an-tuyen-sinh/dai-hoc-kinh-te-ha-n)
[19/47] QHL Trường Đại học Luật - Đại học Quốc gia Hà Nội...
    -> partial, records: 4 (year 2026) (https://law.vnu.edu.vn/)
[20/47] QHF Trường Đại học Ngoại ngữ - Đại học Quốc gia Hà Nội...
    -> success, records: 16 (year 2026) (https://diemthi.tuyensinh247.com/de-an-tuyen-sinh/dai-hoc-ngoai-ngu-ha)
[21/47] NLS Trường Đại học Nông Lâm Thành phố Hồ Chí Minh...
    -> needs_deeper_crawl, records: 1 (year 2026) (https://thi.tuyensinh247.com/thong-tin-tuyen-sinh-dai-hoc-nong-lam-tph)
[22/47] TMA Trường Đại học Thương mại...
    -> success, records: 51 (year 2026) (https://thi.tuyensinh247.com/thong-tin-tuyen-sinh-dai-hoc-thuong-mai-2)
[23/47] VHS Trường Đại học Văn hóa Thành phố Hồ Chí Minh...
    -> needs_deeper_crawl, records: 0 (year 2026) (https://www.hcmuc.edu.vn/)
[24/47] DLU Trường Đại học Đà Lạt...
    -> success, records: 41 (year 2026) (https://diemthi.tuyensinh247.com/de-an-tuyen-sinh/dai-hoc-da-lat-TDL.h)
[25/47] NTT Trường Đại học Nguyễn Tất Thành...
    -> success, records: 88 (year 2026) (https://tuyensinh.ntt.edu.vn/)
[26/47] DCG Trường Đại học Công nghệ Đồng Nai...
    -> success, records: 22 (year 2026) (https://diemthi.tuyensinh247.com/thong-tin-dai-hoc-cong-nghe-dong-nai-)
[27/47] DLH Trường Đại học Lạc Hồng...
    -> success, records: 29 (year 2026) (https://diemthi.tuyensinh247.com/de-an-tuyen-sinh/dai-hoc-lac-hong-DLH)
[28/47] DTC Trường Đại học Tây Đô...
    -> success, records: 30 (year 2026) (https://tdu.edu.vn/)
[29/47] TDM Trường Đại học Thủ Dầu Một...
    -> success, records: 50 (year 2026) (https://diemthi.tuyensinh247.com/thong-tin-dai-hoc-thu-dau-mot-TDM.htm)
[30/47] BPU Trường Đại học Dầu khí Việt Nam...
    -> success, records: 3 (year 2026) (https://www.pvu.edu.vn/tuyen-sinh/tuyen-sinh-2026/thong-tin-tuyen-sinh)
[31/47] MHT Trường Đại học Mỹ thuật Việt Nam...
    -> success, records: 6 (year 2026) (https://diemthi.tuyensinh247.com/thong-tin-dai-hoc-my-thuat-viet-nam-M)
[32/47] VGU Trường Đại học Việt Đức...
    -> success, records: 13 (year 2026) (https://diemthi.tuyensinh247.com/de-an-tuyen-sinh/dai-hoc-viet-duc-VGU)
[33/47] TTU Trường Đại học Tân Tạo...
  ↪ Playwright fallback cho tuyensinh.ttu.edu.vn (requests trả nội dung rỗng/ngắn)
    -> success, records: 21 (year 2026) (https://tuyensinh.ttu.edu.vn/)
[34/47] THU Trường Đại học Thành Đô...
    -> success, records: 14 (year 2026) (https://thanhdo.edu.vn/)
[35/47] DTB Trường Đại học Thái Bình...
    -> success, records: 18 (year 2026) (https://diemthi.tuyensinh247.com/de-an-tuyen-sinh/dai-hoc-thai-binh-DT)
[36/47] DHD Trường Đại học Hải Dương...
    -> success, records: 31 (year 2026) (https://diemthi.tuyensinh247.com/de-an-tuyen-sinh/dai-hoc-hai-duong-DK)
[37/47] HLU Trường Đại học Hạ Long...
    -> success, records: 26 (year 2026) (https://diemthi.tuyensinh247.com/de-an-tuyen-sinh/dai-hoc-ha-long-HLU.)
[38/47] DHV Trường Đại học Hùng Vương...
    -> success, records: 27 (year 2026) (https://diemthi.tuyensinh247.com/de-an-tuyen-sinh/dai-hoc-hung-vuong-T)
[39/47] DHT Trường Đại học Hà Tĩnh...
    -> success, records: 19 (year 2026) (https://diemthi.tuyensinh247.com/de-an-tuyen-sinh/dai-hoc-ha-tinh-HHT.)
[40/47] DTE Trường Đại học Sư phạm Kỹ thuật - Đại học Đà Nẵng...
  ⚠️  SSL verify FAILED cho vertexaisearch.cloud.google.com -> retry với verify=False. Dữ liệu vẫn lấy được, nhưng domain này có vấn đề chứng chỉ SSL (cần lưu ý). Chi tiết: HTTPSConnectionPool(host='tuyensinh.ute.udn.vn', port=443): Max retries exceeded with url: /ChuyenMucs/Thong-tin-tuyen-sinh-DH_3.html (Caused by SSLError(SSLCertVerificationError(1, '[SSL: CERTIFICATE_VERIFY_FAILED] certificate verify failed: unable to get local issuer certificate (_ssl.c:1081)')))
  ↪ Playwright fallback cho vertexaisearch.cloud.google.com (requests trả nội dung rỗng/ngắn)
    -> partial, records: 1 (year 2026) (https://laodong.vn/ldt/dao-tao/dai-hoc-su-pham-ky-thuat-da-nang-se-tuy)
[41/47] HUTECH Trường Đại học Công nghệ Thành phố Hồ Chí Minh...
    -> success, records: 64 (year 2026) (https://diemthi.tuyensinh247.com/de-an-tuyen-sinh/dai-hoc-cong-nghe-tp)
[42/47] DNT Trường Đại học Ngoại ngữ - Tin học Thành phố Hồ Chí Minh...
  ↪ Playwright fallback cho tuyensinh.huflit.edu.vn (requests trả nội dung rỗng/ngắn)
    -> needs_deeper_crawl, records: 0 (year 2026) (https://tuyensinh.huflit.edu.vn/tuyen-sinh)
[43/47] DDK Trường Đại học Bách khoa - Đại học Đà Nẵng...
    -> success, records: 42 (year 2026) (https://thi.tuyensinh247.com/thong-tin-tuyen-sinh-dai-hoc-bach-khoa-da)
[44/47] BVU Trường Đại học Bà Rịa - Vũng Tàu...
    -> partial, records: 16 (year 2026) (https://tuyensinh.bvu.edu.vn/cac-nganh-chuong-trinh/)
[45/47] VUP Trường Đại học Sư phạm Kỹ thuật Vĩnh Long...
    -> success, records: 36 (year 2026) (https://diemthi.tuyensinh247.com/de-an-tuyen-sinh/dai-hoc-su-pham-ky-t)
[46/47] VCO Trường Đại học Công nghệ và Quản lý Hữu Nghị...
    -> success, records: 17 (year 2026) (https://thi.tuyensinh247.com/dai-hoc-cong-nghe-va-quan-ly-huu-nghi-tuy)
[47/47] BVS Học viện Công nghệ Bưu chính Viễn thông (Cơ sở phía Nam)...
    -> partial, records: 18 (year 2026) (https://tuyensinh.ptit.edu.vn/)

✅ Xong 47 trường. ~47 grounding calls.
   Summary: /Users/fuzzefer/projects/zpath/pipeline/data/output/programs_2026_summary.csv
   JSON: /Users/fuzzefer/projects/zpath/pipeline/data/output/programs_2026_results/
=== [3/4] DIEMCHUAN 2025: batch3 Fri Jun 19 19:38:34 +07 2026 ===
Phạm vi: 47 trường | đã có data: 0 | sẽ crawl: 47

[1/47] Trường Đại học Y Hà Nội...
    -> success, records: 22 (https://diemthi.tuyensinh247.com/diem-chuan/dai-hoc-y-ha-noi-YHB.html)
[2/47] Trường Đại học Y Dược Thái Bình...
    -> success, records: 6 (https://diemthi.tuyensinh247.com/diem-chuan/dai-hoc-y-duoc-thai-binh-Y)
[3/47] Trường Đại học Y Dược Hải Phòng...
    -> success, records: 14 (https://diemthi.tuyensinh247.com/diem-chuan/dai-hoc-y-duoc-hai-phong-Y)
[4/47] Trường Đại học Y Dược Cần Thơ...
    -> partial, records: 5 (https://muctim.tuoitre.vn/diem-chuan-truong-dai-hoc-y-duoc-can-tho-nam)
[5/47] Trường Đại học Y khoa Phạm Ngọc Thạch...
    -> success, records: 12 (https://diemthi.tuyensinh247.com/diem-chuan/dai-hoc-y-khoa-pham-ngoc-t)
[6/47] Trường Đại học Kỹ thuật Y Dược Đà Nẵng...
    -> success, records: 25 (https://diemthi.tuyensinh247.com/diem-chuan/dai-hoc-ky-thuat-y-duoc-da)
[7/47] Trường Đại học Sư phạm Hà Nội...
    -> success, records: 10 (https://diemthi.tuyensinh247.com/diem-chuan/dai-hoc-su-pham-ha-noi-SPH)
[8/47] Trường Đại học Sư phạm Nghệ thuật Trung ương...
    -> success, records: 27 (https://diemthi.tuyensinh247.com/diem-chuan/dai-hoc-su-pham-nghe-thuat)
[9/47] Trường Đại học Thủy lợi...
    -> success, records: 43 (https://diemthi.tuyensinh247.com/diem-chuan/dai-hoc-thuy-loi-co-so-1-T)
[10/47] Học viện Kỹ thuật Quân sự...
  ↪ Playwright fallback cho vertexaisearch.cloud.google.com (requests trả nội dung rỗng/ngắn)
  ↪ Playwright fallback cho vertexaisearch.cloud.google.com (requests trả nội dung rỗng/ngắn)
    -> partial, records: 2 (https://laodong.vn/giao-duc/diem-chuan-hoc-vien-ky-thuat-quan-su-nam-2)
[11/47] Trường Đại học Xây dựng Hà Nội...
    -> success, records: 43 (https://tuyensinh.huce.edu.vn/diem-trung-tuyen-dai-hoc-chinh-quy-cac-n)
[12/47] Trường Đại học Mỏ - Địa chất...
    -> success, records: 16 (https://diemthi.tuyensinh247.com/diem-chuan/dai-hoc-mo-dia-chat-MDA.ht)
[13/47] Trường Đại học Giao thông Vận tải...
    -> success, records: 48 (https://diemthi.tuyensinh247.com/diem-chuan/dai-hoc-giao-thong-van-tai)
[14/47] Học viện Hành chính Quốc gia...
    -> partial, records: 3 (https://dantri.com.vn/giao-duc/diem-chuan-hoc-vien-hanh-chinh-va-quan-)
[15/47] Học viện Báo chí và Tuyên truyền...
    -> success, records: 8 (https://diemthi.tuyensinh247.com/diem-chuan/hoc-vien-bao-chi-va-tuyen-)
[16/47] Học viện Tài chính...
    -> success, records: 68 (https://diemthi.tuyensinh247.com/diem-chuan/hoc-vien-tai-chinh-HTC.htm)
[17/47] Học viện Ngân hàng...
    -> partial, records: 1 (https://phongvu.vn/cong-nghe/diem-chuan-hoc-vien-ngan-hang-2025/)
[18/47] Trường Đại học Kinh tế - Đại học Quốc gia Hà Nội...
    -> partial, records: 2 (https://daibieunhandan.vn/diem-chuan-cua-truong-dai-hoc-kinh-te-dhqghn)
[19/47] Trường Đại học Luật - Đại học Quốc gia Hà Nội...
    -> success, records: 4 (https://www.thongtintuyensinh.vn/Diem-chuan-trung-tuyen-nam-2025-cua-T)
[20/47] Trường Đại học Ngoại ngữ - Đại học Quốc gia Hà Nội...
    -> partial, records: 3 (https://vietnamnet.vn/diem-chuan-truong-dai-hoc-ngoai-ngu-dai-hoc-quoc)
[21/47] Trường Đại học Nông Lâm Thành phố Hồ Chí Minh...
    -> success, records: 9 (https://diemthi.tuyensinh247.com/diem-chuan/dai-hoc-nong-lam-tphcm-NLS)
[22/47] Trường Đại học Thương mại...
    -> success, records: 9 (https://diemthi.tuyensinh247.com/diem-chuan/dai-hoc-thuong-mai-TMU.htm)
[23/47] Trường Đại học Văn hóa Thành phố Hồ Chí Minh...
    -> success, records: 28 (https://diemthi.tuyensinh247.com/diem-chuan/dai-hoc-van-hoa-tphcm-VHS.)
[24/47] Trường Đại học Đà Lạt...
    -> success, records: 4 (https://thanhnien.vn/diem-chuan-trung-tuyen-truong-dh-da-lat-nganh-cao)
[25/47] Trường Đại học Nguyễn Tất Thành...
    -> partial, records: 6 (https://giaoducthoidai.vn/diem-chuan-truong-dai-hoc-nguyen-tat-thanh-t)
[26/47] Trường Đại học Công nghệ Đồng Nai...
  ⚠️  SSL verify FAILED cho vertexaisearch.cloud.google.com -> retry với verify=False. Dữ liệu vẫn lấy được, nhưng domain này có vấn đề chứng chỉ SSL (cần lưu ý). Chi tiết: HTTPSConnectionPool(host='dntu.edu.vn', port=443): Max retries exceeded with url: /thong-tin-tuyen-sinh/truong-dai-hoc-cong-nghe-dong-nai-cong-bo-diem-chuan-trung-tuyen-dai-hoc-chinh-quy-nam-2025-dntu (Caused by SSLError(SSLCertVerificationError(1, '[SSL: CERTIFICATE_VERIFY_FAILED] certificate verify failed: unable to get local issuer certificate (_ssl.c:1081)')))
  ↪ Playwright fallback cho vertexaisearch.cloud.google.com (requests trả nội dung rỗng/ngắn)
    -> partial, records: 10 (https://xaydungchinhsach.chinhphu.vn/diem-chuan-truong-dai-hoc-cong-ng)
[27/47] Trường Đại học Lạc Hồng...
    -> success, records: 29 (https://diemthi.tuyensinh247.com/diem-chuan/dai-hoc-lac-hong-DLH.html)
[28/47] Trường Đại học Tây Đô...
    -> partial, records: 5 (https://tuyensinhhuongnghiep.vn/truong-dh-tay-do-diem-chuan-nam-2025-t)
[29/47] Trường Đại học Thủ Dầu Một...
    -> partial, records: 8 (https://tdmu.edu.vn/tin-tuc/tin-dao-tao/truong-dai-hoc-thu-dau-mot-con)
[30/47] Trường Đại học Dầu khí Việt Nam...
    -> success, records: 15 (https://diemthi.tuyensinh247.com/diem-chuan/dai-hoc-dau-khi-viet-nam-P)
[31/47] Trường Đại học Mỹ thuật Việt Nam...
    -> success, records: 7 (https://khoahoc.vietjack.com/tuyen-sinh/3822/diem-chuan-dai-hoc-my-thu)
[32/47] Trường Đại học Việt Đức...
    -> success, records: 22 (https://xaydungchinhsach.chinhphu.vn/diem-chuan-truong-dai-hoc-viet-du)
[33/47] Trường Đại học Tân Tạo...
    -> partial, records: 13 (https://ttu.edu.vn/truong-dai-hoc-tan-tao-cong-bo-diem-chuan-trung-tuy)
[34/47] Trường Đại học Thành Đô...
    -> success, records: 28 (https://diemthi.tuyensinh247.com/diem-chuan/dai-hoc-thanh-do-TDD.html)
[35/47] Trường Đại học Thái Bình...
    -> success, records: 4 (https://giaoducthoidai.vn/dai-hoc-thai-binh-cong-bo-diem-chuan-16-diem)
[36/47] Trường Đại học Hải Dương...
    -> success, records: 31 (https://diemthi.tuyensinh247.com/diem-chuan/dai-hoc-hai-duong-DKT.html)
[37/47] Trường Đại học Hạ Long...
    -> partial, records: 1 (https://vietnamnet.vn/diem-chuan-truong-dai-hoc-ha-long-nam-2025-24348)
[38/47] Trường Đại học Hùng Vương...
    -> partial, records: 8 (https://tdmu.edu.vn/tin-tuc/tin-dao-tao/truong-dai-hoc-thu-dau-mot-con)
[39/47] Trường Đại học Hà Tĩnh...
  ↪ Playwright fallback cho vertexaisearch.cloud.google.com (requests trả nội dung rỗng/ngắn)
    -> partial, records: 3 (https://laodong.vn/giao-duc/dai-hoc-ha-tinh-cong-bo-diem-chuan-nam-202)
[40/47] Trường Đại học Sư phạm Kỹ thuật - Đại học Đà Nẵng...
    -> success, records: 24 (https://diemthi.tuyensinh247.com/diem-chuan/dai-hoc-su-pham-ky-thuat-d)
[41/47] Trường Đại học Công nghệ Thành phố Hồ Chí Minh...
    -> partial, records: 10 (https://muctim.tuoitre.vn/diem-chuan-truong-dai-hoc-cong-nghe-tphcm-na)
[42/47] Trường Đại học Ngoại ngữ - Tin học Thành phố Hồ Chí Minh...
    -> partial, records: 6 (https://muctim.tuoitre.vn/diem-chuan-truong-dai-hoc-ngoai-ngu-tin-hoc-)
[43/47] Trường Đại học Bách khoa - Đại học Đà Nẵng...
    -> success, records: 39 (https://diemthi.tuyensinh247.com/diem-chuan/dai-hoc-bach-khoa-da-nang-)
[44/47] Trường Đại học Bà Rịa - Vũng Tàu...
    -> success, records: 6 (https://giaoducthoidai.vn/truong-dai-hoc-ba-ria-vung-tau-cong-bo-diem-)
[45/47] Trường Đại học Sư phạm Kỹ thuật Vĩnh Long...
    -> success, records: 79 (https://diemthi.tuyensinh247.com/diem-chuan/dai-hoc-su-pham-ky-thuat-v)
[46/47] Trường Đại học Công nghệ và Quản lý Hữu Nghị...
    -> success, records: 34 (https://diemthi.tuyensinh247.com/diem-chuan/dai-hoc-cong-nghe-va-quan-)
[47/47] Học viện Công nghệ Bưu chính Viễn thông (Cơ sở phía Nam)...
    -> success, records: 11 (https://diemthi.tuyensinh247.com/diem-chuan/hoc-vien-cong-nghe-buu-chi)

✅ Xong 47 trường. ~47 grounding calls.
   Summary: /Users/fuzzefer/projects/zpath/pipeline/data/output/diemchuan_summary.csv
   JSON: /Users/fuzzefer/projects/zpath/pipeline/data/output/diemchuan_results/
=== [4/4] TUITION: batch3 Fri Jun 19 19:51:21 +07 2026 ===
Phạm vi: 47 | đã có: 0 | sẽ crawl: 47

[1/47] YHB Trường Đại học Y Hà Nội...
    -> success, ngành có học phí: 6, school_wide: 19.1-80.0 (https://www.vietnamplus.vn/tuyen-sinh-dai-hoc-nam-2026-hoc-p)
[2/47] YTB Trường Đại học Y Dược Thái Bình...
    -> success, ngành có học phí: 6, school_wide: 46-65 (https://diemthi.tuyensinh247.com/de-an-tuyen-sinh/dai-hoc-y-)
[3/47] YHP Trường Đại học Y Dược Hải Phòng...
    -> success, ngành có học phí: 2, school_wide: 45-58 (https://tuoitre.vn/14-truong-dao-tao-y-duoc-phia-bac-du-kien)
[4/47] YCT Trường Đại học Y Dược Cần Thơ...
    -> success, ngành có học phí: 2, school_wide: 50.1-85.26 (https://thanhnien.vn/truong-dai-hoc-y-duoc-can-tho-phuong-th)
[5/47] DYV Trường Đại học Y khoa Phạm Ngọc Thạch...
    -> success, ngành có học phí: 5, school_wide: 47-81 (https://diemthi.tuyensinh247.com/de-an-tuyen-sinh/dai-hoc-y-)
[6/47] YDN Trường Đại học Kỹ thuật Y Dược Đà Nẵng...
  ⚠️  SSL verify FAILED cho vertexaisearch.cloud.google.com -> retry với verify=False. Dữ liệu vẫn lấy được, nhưng domain này có vấn đề chứng chỉ SSL (cần lưu ý). Chi tiết: HTTPSConnectionPool(host='qltuyensinh.dhktyduocdn.edu.vn', port=443): Max retries exceeded with url: / (Caused by SSLError(SSLCertVerificationError(1, '[SSL: CERTIFICATE_VERIFY_FAILED] certificate verify failed: unable to get local issuer certificate (_ssl.c:1081)')))
  ⚠️  SSL verify FAILED cho vertexaisearch.cloud.google.com -> retry với verify=False. Dữ liệu vẫn lấy được, nhưng domain này có vấn đề chứng chỉ SSL (cần lưu ý). Chi tiết: HTTPSConnectionPool(host='congthongtin.dhktyduocdn.edu.vn', port=443): Max retries exceeded with url: /ThongTin/ThongBao?CatID=5 (Caused by SSLError(SSLCertVerificationError(1, '[SSL: CERTIFICATE_VERIFY_FAILED] certificate verify failed: unable to get local issuer certificate (_ssl.c:1081)')))
  ⚠️  SSL verify FAILED cho vertexaisearch.cloud.google.com -> retry với verify=False. Dữ liệu vẫn lấy được, nhưng domain này có vấn đề chứng chỉ SSL (cần lưu ý). Chi tiết: HTTPSConnectionPool(host='main.dhktyduocdn.edu.vn', port=443): Max retries exceeded with url: / (Caused by SSLError(SSLCertVerificationError(1, '[SSL: CERTIFICATE_VERIFY_FAILED] certificate verify failed: unable to get local issuer certificate (_ssl.c:1081)')))
  ↪ Playwright fallback cho vertexaisearch.cloud.google.com (requests trả nội dung rỗng/ngắn)
    -> success, ngành có học phí: 2, school_wide: 30-40 (https://laodong.vn/tuyen-sinh/hoc-phi-du-kien-truong-dai-hoc)
[7/47] DGH Trường Đại học Sư phạm Hà Nội...
    -> partial, ngành có học phí: 2, school_wide: 10-15 (https://www.vietnam.vn/hoc-phi-dai-hoc-su-pham-ha-noi-nam-20)
[8/47] NSP Trường Đại học Sư phạm Nghệ thuật Trung ương...
    -> partial, ngành có học phí: 0, school_wide: - (https://khoahoc.vietjack.com/tuyen-sinh/1103/du-kien-hoc-phi)
[9/47] TLA Trường Đại học Thủy lợi...
    -> partial, ngành có học phí: 11, school_wide: - (https://khoahoc.vietjack.com/tuyen-sinh/1209/hoc-phi-truong-)
[10/47] MTA Học viện Kỹ thuật Quân sự...
    -> success, ngành có học phí: 1, school_wide: 20.9-20.9 (https://giaoducthudo.giaoducthoidai.vn/hoc-vien-ky-thuat-qua)
[11/47] XDA Trường Đại học Xây dựng Hà Nội...
    -> partial, ngành có học phí: 1, school_wide: 16.4-16.4 (https://tuyensinh.huce.edu.vn/hoc-phi)
[12/47] MDA Trường Đại học Mỏ - Địa chất...
    -> success, ngành có học phí: 0, school_wide: 18.5-24.7 (https://khoahoc.vietjack.com/tuyen-sinh/1258/hoc-phi-dai-hoc)
[13/47] GTA Trường Đại học Giao thông Vận tải...
    -> success, ngành có học phí: 3, school_wide: 20.6-60.0 (https://tuoitre.vn/truong-dh-giao-thong-van-tai-tp-hcm-xet-t)
[14/47] HCV Học viện Hành chính Quốc gia...
    -> partial, ngành có học phí: 3, school_wide: 17-20 (https://baodanang.vn/hoc-phi-hoc-vien-hanh-chinh-quoc-gia-na)
[15/47] BCH Học viện Báo chí và Tuyên truyền...
    -> success, ngành có học phí: 3, school_wide: 0-16.81 (https://dienthoaivui.com.vn/back-to-school-hoc-phi-hoc-vien-)
[16/47] AOF Học viện Tài chính...
    -> success, ngành có học phí: 4, school_wide: 25-80 (https://vietnamnet.vn/hoc-vien-tai-chinh-cong-bo-3-phuong-th)
[17/47] BAA Học viện Ngân hàng...
    -> success, ngành có học phí: 5, school_wide: 27.8-50.0 (https://diemthi.tuyensinh247.com/de-an-tuyen-sinh/hoc-vien-n)
[18/47] QHE Trường Đại học Kinh tế - Đại học Quốc gia Hà Nội...
    -> success, ngành có học phí: 4, school_wide: 48-48 (https://unizone.edu.vn/hoc-phi-dai-hoc-kinh-te-dhqghn/)
[19/47] QHL Trường Đại học Luật - Đại học Quốc gia Hà Nội...
    -> success, ngành có học phí: 4, school_wide: 30.43-35.8 (https://law.vnu.edu.vn/thong-tin-tuyen-sinh-dai-hoc-chinh-qu)
[20/47] QHF Trường Đại học Ngoại ngữ - Đại học Quốc gia Hà Nội...
    -> success, ngành có học phí: 10, school_wide: 31-42 (https://thi.tuyensinh247.com/dai-hoc-ngoai-ngu-dhqghn-cong-b)
[21/47] NLS Trường Đại học Nông Lâm Thành phố Hồ Chí Minh...
    -> partial, ngành có học phí: 2, school_wide: - (https://thanhnien.vn/hoc-phi-truong-dh-nong-lam-tphcm-co-nga)
[22/47] TMA Trường Đại học Thương mại...
    -> success, ngành có học phí: 4, school_wide: 25.75-260 (https://dienthoaivui.com.vn/back-to-school-hoc-phi-dai-hoc-t)
[23/47] VHS Trường Đại học Văn hóa Thành phố Hồ Chí Minh...
    -> success, ngành có học phí: 0, school_wide: 19.91-19.91 (https://diemthi.tuyensinh247.com/de-an-tuyen-sinh/dai-hoc-va)
[24/47] DLU Trường Đại học Đà Lạt...
  ⚠️  SSL verify FAILED cho vertexaisearch.cloud.google.com -> retry với verify=False. Dữ liệu vẫn lấy được, nhưng domain này có vấn đề chứng chỉ SSL (cần lưu ý). Chi tiết: HTTPSConnectionPool(host='dlu.edu.vn', port=443): Max retries exceeded with url: /quyet-dinh-ve-viec-quy-dinh-muc-hoc-phi-nam-hoc-2024-2025/ (Caused by SSLError(SSLCertVerificationError(1, '[SSL: CERTIFICATE_VERIFY_FAILED] certificate verify failed: unable to get local issuer certificate (_ssl.c:1081)')))
  ⚠️  SSL verify FAILED cho vertexaisearch.cloud.google.com -> retry với verify=False. Dữ liệu vẫn lấy được, nhưng domain này có vấn đề chứng chỉ SSL (cần lưu ý). Chi tiết: HTTPSConnectionPool(host='dlu.edu.vn', port=443): Max retries exceeded with url: /quyet-dinh-ve-quy-dinh-muc-hoc-phi-2025-2026/ (Caused by SSLError(SSLCertVerificationError(1, '[SSL: CERTIFICATE_VERIFY_FAILED] certificate verify failed: unable to get local issuer certificate (_ssl.c:1081)')))
  ⚠️  SSL verify FAILED cho vertexaisearch.cloud.google.com -> retry với verify=False. Dữ liệu vẫn lấy được, nhưng domain này có vấn đề chứng chỉ SSL (cần lưu ý). Chi tiết: HTTPSConnectionPool(host='cntt.dlu.edu.vn', port=443): Max retries exceeded with url: /quy-dinh-ve-muc-hoc-phi-nam-hoc-2025-2026/ (Caused by SSLError(SSLCertVerificationError(1, '[SSL: CERTIFICATE_VERIFY_FAILED] certificate verify failed: unable to get local issuer certificate (_ssl.c:1081)')))
    -> success, ngành có học phí: 2, school_wide: 15-24 (https://xemthoitiet.com.vn/tin-tuc/hoc-phi-dai-hoc-da-lat)
[25/47] NTT Trường Đại học Nguyễn Tất Thành...
    -> needs_deeper_crawl, ngành có học phí: 0, school_wide: - (https://ntt.edu.vn/)
[26/47] DCG Trường Đại học Công nghệ Đồng Nai...
  ⚠️  SSL verify FAILED cho vertexaisearch.cloud.google.com -> retry với verify=False. Dữ liệu vẫn lấy được, nhưng domain này có vấn đề chứng chỉ SSL (cần lưu ý). Chi tiết: HTTPSConnectionPool(host='dntu.edu.vn', port=443): Max retries exceeded with url: /hoc-phi-hoc-bong (Caused by SSLError(SSLCertVerificationError(1, '[SSL: CERTIFICATE_VERIFY_FAILED] certificate verify failed: unable to get local issuer certificate (_ssl.c:1081)')))
    -> success, ngành có học phí: 25, school_wide: 17.91-20.5 (https://dntu.edu.vn/hoc-phi-hoc-bong)
[27/47] DLH Trường Đại học Lạc Hồng...
    -> success, ngành có học phí: 29, school_wide: 37-51 (https://diemthi.tuyensinh247.com/de-an-tuyen-sinh/dai-hoc-la)
[28/47] DTC Trường Đại học Tây Đô...
  ↪ Playwright fallback cho vertexaisearch.cloud.google.com (requests trả nội dung rỗng/ngắn)
  ↪ Playwright fallback cho vertexaisearch.cloud.google.com (requests trả nội dung rỗng/ngắn)
    -> partial, ngành có học phí: 6, school_wide: - (https://khoahoc.vietjack.com/school/290/dai-hoc-tay-do-dtd-d)
[29/47] TDM Trường Đại học Thủ Dầu Một...
    -> needs_deeper_crawl, ngành có học phí: 0, school_wide: - (https://tuyensinh.tdmu.edu.vn/)
[30/47] BPU Trường Đại học Dầu khí Việt Nam...
    -> partial, ngành có học phí: 3, school_wide: - (https://trangedu.com/truong/dai-hoc-dau-khi-viet-nam/)
[31/47] MHT Trường Đại học Mỹ thuật Việt Nam...
    -> partial, ngành có học phí: 0, school_wide: 13.5-13.5 (https://www.hcmufa.edu.vn/news_detail/id/478)
[32/47] VGU Trường Đại học Việt Đức...
    -> needs_deeper_crawl, ngành có học phí: 0, school_wide: - (https://vgu.edu.vn/study-programs/bachelor/cs/tuition-and-fi)
[33/47] TTU Trường Đại học Tân Tạo...
    -> success, ngành có học phí: 16, school_wide: 25-150 (http://thongtintuyensinh247.com/hoc-phi-dai-hoc-tan-tao/)
[34/47] THU Trường Đại học Thành Đô...
    -> partial, ngành có học phí: 0, school_wide: 24-28 (https://thanhdo.edu.vn/hoc-phi-truong-dai-hoc-thanh-do)
[35/47] DTB Trường Đại học Thái Bình...
    -> success, ngành có học phí: 7, school_wide: 27.48-59.43 (https://tbd.edu.vn/tuyen-sinh/hoc-phi/)
[36/47] DHD Trường Đại học Hải Dương...
    -> partial, ngành có học phí: 5, school_wide: - (https://baodanang.vn/hoc-phi-truong-dai-hoc-hai-duong-nam-ho)
[37/47] HLU Trường Đại học Hạ Long...
    -> success, ngành có học phí: 6, school_wide: 13.6-18.0 (https://uhl.edu.vn/Timhieuvehocphi_5020.htm)
[38/47] DHV Trường Đại học Hùng Vương...
  ⚠️  SSL verify FAILED cho hvu.edu.vn -> retry với verify=False. Dữ liệu vẫn lấy được, nhưng domain này có vấn đề chứng chỉ SSL (cần lưu ý). Chi tiết: HTTPSConnectionPool(host='hvu.edu.vn', port=443): Max retries exceeded with url: / (Caused by SSLError(SSLCertVerificationError(1, '[SSL: CERTIFICATE_VERIFY_FAILED] certificate verify failed: certificate has expired (_ssl.c:1081)')))
    -> needs_deeper_crawl, ngành có học phí: 0, school_wide: - (https://dhv.edu.vn/)
[39/47] DHT Trường Đại học Hà Tĩnh...
    -> success, ngành có học phí: 4, school_wide: 12.5-16.5 (https://htu.edu.vn/images/ThongBao/2025/QD-muc-thu-hoc-phi-s)
[40/47] DTE Trường Đại học Sư phạm Kỹ thuật - Đại học Đà Nẵng...
    -> partial, ngành có học phí: 2, school_wide: 12-14 (http://thongtintuyensinh247.com/hoc-phi-dai-hoc-su-pham-ky-t)
[41/47] HUTECH Trường Đại học Công nghệ Thành phố Hồ Chí Minh...
    -> error, ngành có học phí: 0, school_wide: - ()
[42/47] DNT Trường Đại học Ngoại ngữ - Tin học Thành phố Hồ Chí Minh...
    -> partial, ngành có học phí: 2, school_wide: - (https://huflit.edu.vn/vi/tin-tuc/thong-bao-ve-viec-dong-hoc-)
[43/47] DDK Trường Đại học Bách khoa - Đại học Đà Nẵng...
    -> success, ngành có học phí: 3, school_wide: 27.7-38.0 (https://vietjack.com/thong-tin-tuyen-sinh/hoc-phi-truong-dai)
[44/47] BVU Trường Đại học Bà Rịa - Vũng Tàu...
    -> success, ngành có học phí: 4, school_wide: 42.75-66.9 (https://tuyensinh.bvu.edu.vn/hoc-bong/)
[45/47] VUP Trường Đại học Sư phạm Kỹ thuật Vĩnh Long...
    -> needs_deeper_crawl, ngành có học phí: 0, school_wide: - (https://htql.vlute.edu.vn/ung-dung)
[46/47] VCO Trường Đại học Công nghệ và Quản lý Hữu Nghị...
    -> success, ngành có học phí: 2, school_wide: 25.15-27.375 (https://giaoduc.net.vn/chi-tiet-diem-trung-tuyen-nam-2025-cu)
[47/47] BVS Học viện Công nghệ Bưu chính Viễn thông (Cơ sở phía Nam)...
    -> success, ngành có học phí: 4, school_wide: 29.6-62.5 (https://tuoitre.vn/hoc-vien-cong-nghe-buu-chinh-vien-thong-t)

✅ Xong 47 trường.
   Summary: /Users/fuzzefer/projects/zpath/pipeline/data/output/tuition_2026_summary.csv
   JSON: /Users/fuzzefer/projects/zpath/pipeline/data/output/tuition_2026_results/
=== DONE Fri Jun 19 20:05:36 +07 2026 ===
