Phạm vi: 47 trường | đã có data: 2 | sẽ crawl: 45

[1/45] Trường Đại học Bình Dương...
    -> partial, records: 4 (https://xaydungchinhsach.chinhphu.vn/diem-chuan-truong-dai-hoc-binh-du)
[2/45] Học viện Công nghệ Bưu chính Viễn thông...
    -> partial, records: 4 (https://giaoduc.net.vn/diem-chuan-hoc-vien-cong-nghe-buu-chinh-vien-th)
[3/45] Học viện Cảnh sát Nhân dân...
    -> partial, records: 2 (https://daibieunhandan.vn/diem-chuan-nam-2025-cua-hoc-vien-canh-sat-nh)
[4/45] Trường Đại học Công nghiệp Thực phẩm Thành phố Hồ Chí Minh...
    -> partial, records: 2 (https://vietnamnet.vn/diem-chuan-truong-dai-hoc-cong-thuong-tphcm-nam-)
[5/45] Trường Đại học Điện lực...
    -> success, records: 32 (https://diemthi.tuyensinh247.com/diem-chuan/dai-hoc-dien-luc-DDL.html)
[6/45] Trường Đại học Duy Tân...
    -> success, records: 12 (https://duytan.edu.vn/tuyen-sinh/Page/EnrollArticleViewDetail.aspx?id=)
[7/45] Trường Đại học Luật - Đại học Huế...
    -> success, records: 4 (https://diemthi.tuyensinh247.com/diem-chuan/dai-hoc-luat-dai-hoc-hue-D)
[8/45] Trường Đại học Ngoại ngữ - Đại học Huế...
  ⚠️  SSL verify FAILED cho huflis.hueuni.edu.vn -> retry với verify=False. Dữ liệu vẫn lấy được, nhưng domain này có vấn đề chứng chỉ SSL (cần lưu ý). Chi tiết: HTTPSConnectionPool(host='huflis.hueuni.edu.vn', port=443): Max retries exceeded with url: / (Caused by SSLError(SSLCertVerificationError(1, '[SSL: CERTIFICATE_VERIFY_FAILED] certificate verify failed: certificate has expired (_ssl.c:1081)')))
  ⚠️  SSL verify FAILED cho huflis.hueuni.edu.vn -> retry với verify=False. Dữ liệu vẫn lấy được, nhưng domain này có vấn đề chứng chỉ SSL (cần lưu ý). Chi tiết: HTTPSConnectionPool(host='huflis.hueuni.edu.vn', port=443): Max retries exceeded with url: /vi/index.php/danh-muc/tuyen-sinh-dai-hoc (Caused by SSLError(SSLCertVerificationError(1, '[SSL: CERTIFICATE_VERIFY_FAILED] certificate verify failed: certificate has expired (_ssl.c:1081)')))
    -> needs_deeper_crawl, records: 0 (https://huflis.hueuni.edu.vn/vi/)
[9/45] Trường Đại học Sư phạm - Đại học Huế...
    -> success, records: 24 (https://diemthi.tuyensinh247.com/diem-chuan/dai-hoc-su-pham-hue-DHS.ht)
[10/45] Trường Đại học Dược Hà Nội...
    -> success, records: 14 (https://diemthi.tuyensinh247.com/diem-chuan/dai-hoc-duoc-ha-noi-DKH.ht)
[11/45] Trường Đại học Kinh tế Công nghiệp Long An...
    -> success, records: 3 (https://tuyensinh.daihoclongan.edu.vn/tin-tuc-tuyen-sinh/736-truong-dl)
[12/45] Trường Đại học Phạm Văn Đồng...
    -> success, records: 28 (https://diemthi.tuyensinh247.com/diem-chuan/dai-hoc-pham-van-dong-DPQ.)
[13/45] Trường Đại học Thăng Long...
    -> success, records: 46 (https://diemthi.tuyensinh247.com/diem-chuan/dai-hoc-thang-long-DTL.htm)
[14/45] Trường Đại học Kinh tế - Đại học Đà Nẵng...
    -> success, records: 70 (https://diemthi.tuyensinh247.com/diem-chuan/dai-hoc-kinh-te-dai-hoc-da)
[15/45] Trường Đại học Giáo dục - Đại học Quốc gia Hà Nội...
    -> success, records: 22 (https://diemthi.tuyensinh247.com/diem-chuan/dai-hoc-giao-duc-ha-noi-QH)
[16/45] Trường Đại học Kiến trúc Hà Nội...
    -> success, records: 38 (https://diemthi.tuyensinh247.com/diem-chuan/dai-hoc-kien-truc-ha-noi-K)
[17/45] Trường Đại học Công nghệ Sài Gòn...
    -> partial, records: 3 (http://stu.edu.vn/vi/1/21004/diem-chuan-truong-dai-hoc-cong-nghe-sai-g)
[18/45] Trường Đại học Y tế Công cộng...
    -> success, records: 11 (https://diemthi.tuyensinh247.com/diem-chuan/dai-hoc-y-te-cong-cong-YTC)
[19/45] Trường Đại học Khoa học và Công nghệ Hà Nội...
    -> success, records: 10 (https://diemthi.tuyensinh247.com/diem-chuan/dai-hoc-bach-khoa-ha-noi-B)
[20/45] Học viện Kỹ thuật Mật mã...
    -> success, records: 4 (https://diemthi.tuyensinh247.com/diem-chuan/hoc-vien-ky-thuat-mat-ma-K)
[21/45] Trường Đại học Kinh tế - Tài chính Thành phố Hồ Chí Minh...
    -> success, records: 7 (https://vietnamnet.vn/diem-chuan-truong-dai-hoc-kinh-te-tai-chinh-tphc)
[22/45] Trường Đại học Kinh tế - Đại học Huế...
    -> success, records: 42 (https://diemthi.tuyensinh247.com/diem-chuan/dai-hoc-kinh-te-dai-hoc-hu)
[23/45] Trường Đại học Luật Hà Nội...
    -> success, records: 32 (https://diemthi.tuyensinh247.com/diem-chuan/dai-hoc-luat-ha-noi-LPH.ht)
[24/45] Trường Đại học Mở Hà Nội...
    -> success, records: 49 (https://diemthi.tuyensinh247.com/diem-chuan/dai-hoc-mo-ha-noi-MHN.html)
[25/45] Trường Đại học Mỹ thuật Thành phố Hồ Chí Minh...
    -> needs_deeper_crawl, records: 0 (https://suckhoedoisong.vn/lich-cong-bo-diem-chuan-dai-hoc-2025-hang-lo)
[26/45] Trường Đại học Mở Thành phố Hồ Chí Minh...
    -> success, records: 9 (https://diemthi.tuyensinh247.com/diem-chuan/dai-hoc-mo-tphcm-MBS.html)
[27/45] Trường Quốc tế - Đại học Quốc gia Hà Nội...
    -> success, records: 28 (https://diemthi.tuyensinh247.com/diem-chuan/truong-quoc-te-dai-hoc-quo)
[28/45] Trường Đại học Công nghệ Thông tin - Đại học Quốc gia Thành phố Hồ Chí Minh...
    -> success, records: 28 (https://diemthi.tuyensinh247.com/diem-chuan/dai-hoc-cong-nghe-thong-ti)
[29/45] Trường Đại học Kinh tế - Luật - Đại học Quốc gia Thành phố Hồ Chí Minh...
    -> success, records: 10 (https://diemthi.tuyensinh247.com/diem-chuan/dai-hoc-kinh-te-luat-tphcm)
[30/45] Trường Đại học RMIT Việt Nam...
    -> needs_deeper_crawl, records: 0 (https://ptehelper.com.au/dai-hoc-rmit-diem-chuan-la-bao-nhieu/)
[31/45] Trường Đại học Sài Gòn...
    -> partial, records: 6 (https://dantri.com.vn/giao-duc/diem-chuan-truong-dai-hoc-sai-gon-nam-2)
[32/45] Trường Đại học Thái Bình Dương...
    -> success, records: 6 (https://dantri.com.vn/giao-duc/truong-dai-hoc-dau-tien-cong-bo-diem-ch)
[33/45] Trường Đại học Tây Bắc...
    -> success, records: 25 (https://diemthi.tuyensinh247.com/diem-chuan/dai-hoc-tay-bac-TTB.html)
[34/45] Trường Đại học Tôn Đức Thắng...
    -> success, records: 10 (https://diemthi.tuyensinh247.com/diem-chuan/dai-hoc-ton-duc-thang-DTT.)
[35/45] Trường Đại học Tây Nguyên...
    -> needs_deeper_crawl, records: 0 (https://www.ttn.edu.vn/)
[36/45] Trường Đại học Kiến trúc Thành phố Hồ Chí Minh...
    -> success, records: 39 (https://diemthi.tuyensinh247.com/diem-chuan/dai-hoc-kien-truc-tphcm-KT)
[37/45] Trường Đại học Quản lý và Công nghệ Thành phố Hồ Chí Minh...
    -> success, records: 27 (https://diemthi.tuyensinh247.com/diem-chuan/dai-hoc-quan-ly-va-cong-ng)
[38/45] Trường Đại học Kinh tế - Kỹ thuật Công nghiệp...
    -> success, records: 10 (https://diemthi.tuyensinh247.com/diem-chuan/dai-hoc-bach-khoa-ha-noi-B)
[39/45] Trường Đại học Việt Nhật - Đại học Quốc gia Hà Nội...
    -> success, records: 9 (https://diemthi.tuyensinh247.com/diem-chuan/dai-hoc-viet-nhat-ha-noi-V)
[40/45] Trường Đại học Văn Lang...
    -> success, records: 6 (https://diemthi.tuyensinh247.com/diem-chuan/dai-hoc-van-lang-DVL.html)
[41/45] Nhạc viện Thành phố Hồ Chí Minh...
  ↪ Playwright fallback cho vertexaisearch.cloud.google.com (requests trả nội dung rỗng/ngắn)
    -> success, records: 67 (https://diemthi.giaphugroup.com/diem-chuan/truong-nhac-vien-tp-hcm-nvs)
[42/45] Trường Đại học Công nghệ Vạn Xuân...
  ↪ Playwright fallback cho vertexaisearch.cloud.google.com (requests trả nội dung rỗng/ngắn)
    -> needs_deeper_crawl, records: 0 (https://vietjack.com/diem-chuan-dai-hoc/dai-hoc-cong-nghe-van-xuan.jsp)
[43/45] Trường Đại học Khoa học Xã hội và Nhân văn - Đại học Quốc gia Thành phố Hồ Chí Minh...
    -> success, records: 10 (https://diemthi.tuyensinh247.com/diem-chuan/dai-hoc-bach-khoa-ha-noi-B)
[44/45] Trường Đại học Y Dược - Đại học Huế...
    -> success, records: 11 (https://diemthi.tuyensinh247.com/diem-chuan/dai-hoc-y-duoc-hue-DHY.htm)
[45/45] Học viện Quân y...
    -> success, records: 24 (https://diemthi.tuyensinh247.com/diem-chuan/hoc-vien-quan-y-he-quan-su)

✅ Xong 45 trường. ~45 grounding calls.
   Summary: /Users/fuzzefer/projects/zpath/pipeline/data/output/diemchuan_summary.csv
   JSON: /Users/fuzzefer/projects/zpath/pipeline/data/output/diemchuan_results/
