Phạm vi: 22 trường | đã có data: 0 | sẽ crawl: 22

[1/22] Học viện Chính sách và Phát triển...
    -> success, records: 17 (https://diemthi.tuyensinh247.com/diem-chuan/hoc-vien-chinh-sach-va-pha)
[2/22] Trường Đại học Bình Dương...
    -> partial, records: 4 (https://xaydungchinhsach.chinhphu.vn/diem-chuan-truong-dai-hoc-binh-du)
[3/22] Học viện Công nghệ Bưu chính Viễn thông...
  ⚠️  SSL verify FAILED cho vertexaisearch.cloud.google.com -> retry với verify=False. Dữ liệu vẫn lấy được, nhưng domain này có vấn đề chứng chỉ SSL (cần lưu ý). Chi tiết: HTTPSConnectionPool(host='tuyensinh.ptithcm.edu.vn', port=443): Max retries exceeded with url: /thong-bao-diem-chuan-trung-tuyen-vao-dai-hoc-he-chinh-quy-nam-2025/ (Caused by SSLError(SSLCertVerificationError(1, '[SSL: CERTIFICATE_VERIFY_FAILED] certificate verify failed: unable to get local issuer certificate (_ssl.c:1081)')))
  ↪ Playwright fallback cho vertexaisearch.cloud.google.com (requests trả nội dung rỗng/ngắn)
    -> success, records: 28 (https://diemthi.giaphugroup.com/diem-chuan/truong-hoc-vien-cong-nghe-b)
[4/22] Học viện Cảnh sát Nhân dân...
    -> partial, records: 2 (https://tuoitre.vn/7-truong-cong-an-nhan-dan-cong-bo-diem-chuan-nam-20)
[5/22] Trường Đại học Công nghiệp Thực phẩm Thành phố Hồ Chí Minh...
    -> success, records: 44 (https://diemthi.tuyensinh247.com/diem-chuan/dai-hoc-cong-thuong-tphcm-)
[6/22] Trường Đại học Duy Tân...
    -> success, records: 12 (https://duytan.edu.vn/tuyen-sinh/Page/EnrollArticleViewDetail.aspx?id=)
[7/22] Trường Đại học Ngoại ngữ - Đại học Huế...
    -> success, records: 24 (https://diemthi.tuyensinh247.com/diem-chuan/dai-hoc-ngoai-ngu-hue-DHF.)
[8/22] Trường Đại học Kinh tế Công nghiệp Long An...
    -> success, records: 27 (https://diemthi.tuyensinh247.com/diem-chuan/dai-hoc-kinh-te-cong-nghie)
[9/22] Trường Đại học Công nghệ Sài Gòn...
    -> partial, records: 3 (http://stu.edu.vn/vi/1/21004/diem-chuan-truong-dai-hoc-cong-nghe-sai-g)
[10/22] Trường Đại học Khoa học và Công nghệ Hà Nội...
    -> success, records: 20 (https://diemthi.tuyensinh247.com/diem-chuan/dai-hoc-khoa-hoc-va-cong-n)
[11/22] Trường Đại học Kinh tế - Tài chính Thành phố Hồ Chí Minh...
    -> success, records: 7 (https://www.uef.edu.vn/tin-tuyen-sinh/uef-cong-bo-diem-chuan-trung-tuy)
[12/22] Trường Đại học Mỹ thuật Thành phố Hồ Chí Minh...
    -> success, records: 5 (https://diemthi.tuyensinh247.com/diem-chuan/dai-hoc-my-thuat-tphcm-MTS)
[13/22] Trường Đại học Mở Thành phố Hồ Chí Minh...
    -> success, records: 10 (https://diemthi.tuyensinh247.com/diem-chuan/dai-hoc-mo-tphcm-MBS.html)
[14/22] Trường Đại học Kinh tế - Luật - Đại học Quốc gia Thành phố Hồ Chí Minh...
    -> success, records: 10 (https://diemthi.tuyensinh247.com/diem-chuan/dai-hoc-kinh-te-luat-tphcm)
[15/22] Trường Đại học Sài Gòn...
    -> success, records: 12 (https://diemthi.tuyensinh247.com/diem-chuan/dai-hoc-sai-gon-SGD.html)
[16/22] Trường Đại học Thái Bình Dương...
    -> success, records: 32 (https://tbd.edu.vn/tin-tuyen-sinh/thong-bao-diem-trung-tuyen-trinh-do-)
[17/22] Trường Đại học Tôn Đức Thắng...
    -> success, records: 10 (https://diemthi.tuyensinh247.com/diem-chuan/dai-hoc-ton-duc-thang-DTT.)
[18/22] Trường Đại học Tây Nguyên...
    -> success, records: 37 (https://diemthi.tuyensinh247.com/diem-chuan/dai-hoc-tay-nguyen-TTN.htm)
[19/22] Trường Đại học Kinh tế - Kỹ thuật Công nghiệp...
    -> success, records: 4 (https://giaoduc.net.vn/truong-dh-kinh-te-ky-thuat-cong-nghiep-cong-bo-)
[20/22] Trường Đại học Văn Lang...
    -> success, records: 6 (https://diemthi.tuyensinh247.com/diem-chuan/dai-hoc-van-lang-DVL.html)
[21/22] Trường Đại học Công nghệ Vạn Xuân...
    -> success, records: 7 (https://diendantuyensinh24h.com/diem-chuan-dai-hoc-cong-nghe-van-xuan/)
[22/22] Trường Đại học Khoa học Xã hội và Nhân văn - Đại học Quốc gia Thành phố Hồ Chí Minh...
    -> success, records: 8 (https://xaydungchinhsach.chinhphu.vn/diem-chuan-truong-dai-hoc-khoa-ho)

✅ Xong 22 trường. ~22 grounding calls.
   Summary: /Users/fuzzefer/projects/zpath/pipeline/data/output/diemchuan_summary.csv
   JSON: /Users/fuzzefer/projects/zpath/pipeline/data/output/diemchuan_results/
