Phạm vi: 75 | đã có logo: 3 | sẽ crawl: 72

[1/72] AEP Học viện Chính sách và Phát triển...
    -> grounding (high) https://rxhcmmggzodoapyjxcug.supabase.co/storage/v1/object/public/scho
[2/72] ANH Học viện An ninh Nhân dân...
/Users/fuzzefer/projects/zpath/pipeline/.venv/lib/python3.14/site-packages/urllib3/connectionpool.py:1110: InsecureRequestWarning: Unverified HTTPS request is being made to host 'hvannd.edu.vn'. Adding certificate verification is strongly advised. See: https://urllib3.readthedocs.io/en/latest/advanced-usage.html#tls-warnings
  warnings.warn(
/Users/fuzzefer/projects/zpath/pipeline/.venv/lib/python3.14/site-packages/urllib3/connectionpool.py:1110: InsecureRequestWarning: Unverified HTTPS request is being made to host 'hvannd.edu.vn'. Adding certificate verification is strongly advised. See: https://urllib3.readthedocs.io/en/latest/advanced-usage.html#tls-warnings
  warnings.warn(
/Users/fuzzefer/projects/zpath/pipeline/.venv/lib/python3.14/site-packages/urllib3/connectionpool.py:1110: InsecureRequestWarning: Unverified HTTPS request is being made to host 'hvannd.edu.vn'. Adding certificate verification is strongly advised. See: https://urllib3.readthedocs.io/en/latest/advanced-usage.html#tls-warnings
  warnings.warn(
/Users/fuzzefer/projects/zpath/pipeline/.venv/lib/python3.14/site-packages/urllib3/connectionpool.py:1110: InsecureRequestWarning: Unverified HTTPS request is being made to host 'hvannd.edu.vn'. Adding certificate verification is strongly advised. See: https://urllib3.readthedocs.io/en/latest/advanced-usage.html#tls-warnings
  warnings.warn(
  ⚠️  SSL verify FAILED cho vertexaisearch.cloud.google.com -> retry với verify=False. Dữ liệu vẫn lấy được, nhưng domain này có vấn đề chứng chỉ SSL (cần lưu ý). Chi tiết: HTTPSConnectionPool(host='hvannd.edu.vn', port=443): Max retries exceeded with url: /hoc-vien-an-ninh-nhan-dan-80-nam-tu-hao-la-cai-noi-dao-tao-nen-nhung-thanh-bao-kiem-va-la-chan-vung-chac-bao-ve-dang-to-quoc-va-nhan-dan (Caused by SSLError(SSLCertVerificationError(1, '[SSL: CERTIFICATE_VERIFY_FAILED] certificate verify failed: unable to get local issuer certificate (_ssl.c:1081)')))
  ⚠️  SSL verify FAILED cho vertexaisearch.cloud.google.com -> retry với verify=False. Dữ liệu vẫn lấy được, nhưng domain này có vấn đề chứng chỉ SSL (cần lưu ý). Chi tiết: HTTPSConnectionPool(host='hvannd.edu.vn', port=443): Max retries exceeded with url: / (Caused by SSLError(SSLCertVerificationError(1, '[SSL: CERTIFICATE_VERIFY_FAILED] certificate verify failed: unable to get local issuer certificate (_ssl.c:1081)')))
    -> grounding (high) https://rxhcmmggzodoapyjxcug.supabase.co/storage/v1/object/public/scho
[3/72] BTU Trường Đại học Bình Dương...
    -> grounding (high) https://rxhcmmggzodoapyjxcug.supabase.co/storage/v1/object/public/scho
[4/72] BVH Học viện Công nghệ Bưu chính Viễn thông...
    -> grounding (high) https://rxhcmmggzodoapyjxcug.supabase.co/storage/v1/object/public/scho
[5/72] CSH Học viện Cảnh sát Nhân dân...
    -> grounding (high) https://rxhcmmggzodoapyjxcug.supabase.co/storage/v1/object/public/scho
[6/72] CTS Trường Đại học Cần Thơ...
    -> grounding (high) https://rxhcmmggzodoapyjxcug.supabase.co/storage/v1/object/public/scho
[7/72] DAG Trường Đại học An Giang - Đại học Quốc gia Thành phố Hồ Chí Minh...
    -> grounding (high) https://rxhcmmggzodoapyjxcug.supabase.co/storage/v1/object/public/scho
[8/72] DBH Trường Đại học Bách khoa - Đại học Quốc gia Thành phố Hồ Chí Minh...
    -> none (-) 
[9/72] DBS Trường Đại học Kinh tế Thành phố Hồ Chí Minh...
    -> none (-) 
[10/72] DCN Trường Đại học Công nghiệp Hà Nội...
    -> grounding (high) https://rxhcmmggzodoapyjxcug.supabase.co/storage/v1/object/public/scho
[11/72] DCT Trường Đại học Công nghiệp Thực phẩm Thành phố Hồ Chí Minh...
    -> grounding (high) https://rxhcmmggzodoapyjxcug.supabase.co/storage/v1/object/public/scho
[12/72] DDL Trường Đại học Điện lực...
    -> grounding (high) https://rxhcmmggzodoapyjxcug.supabase.co/storage/v1/object/public/scho
[13/72] DDT Trường Đại học Duy Tân...
    -> grounding (high) https://rxhcmmggzodoapyjxcug.supabase.co/storage/v1/object/public/scho
[14/72] DED Trường Đại học Sư phạm - Đại học Đà Nẵng...
    -> grounding (high) https://rxhcmmggzodoapyjxcug.supabase.co/storage/v1/object/public/scho
[15/72] DFL Trường Đại học Ngoại ngữ - Đại học Đà Nẵng...
    -> grounding (high) https://rxhcmmggzodoapyjxcug.supabase.co/storage/v1/object/public/scho
[16/72] DGD Trường Đại học Công nghiệp Thành phố Hồ Chí Minh...
    -> grounding (high) https://rxhcmmggzodoapyjxcug.supabase.co/storage/v1/object/public/scho
[17/72] DHA Trường Đại học Luật - Đại học Huế...
    -> grounding (high) https://rxhcmmggzodoapyjxcug.supabase.co/storage/v1/object/public/scho
[18/72] DHF Trường Đại học Ngoại ngữ - Đại học Huế...
    -> none (-) 
[19/72] DHK Trường Đại học Khoa học Tự nhiên - Đại học Quốc gia Thành phố Hồ Chí Minh...
    -> grounding (high) https://rxhcmmggzodoapyjxcug.supabase.co/storage/v1/object/public/scho
[20/72] DHP Trường Đại học Hải Phòng...
    -> none (-) 
[21/72] DHS Trường Đại học Sư phạm - Đại học Huế...
    -> grounding (high) https://rxhcmmggzodoapyjxcug.supabase.co/storage/v1/object/public/scho
[22/72] DKH Trường Đại học Dược Hà Nội...
    -> grounding (high) https://rxhcmmggzodoapyjxcug.supabase.co/storage/v1/object/public/scho
[23/72] DLA Trường Đại học Kinh tế Công nghiệp Long An...
    -> grounding (high) https://rxhcmmggzodoapyjxcug.supabase.co/storage/v1/object/public/scho
[24/72] DNV Trường Đại học Nội vụ Hà Nội...
    -> grounding (high) https://rxhcmmggzodoapyjxcug.supabase.co/storage/v1/object/public/scho
[25/72] DPH Trường Đại học Phạm Văn Đồng...
    -> grounding (high) https://rxhcmmggzodoapyjxcug.supabase.co/storage/v1/object/public/scho
[26/72] DPT Trường Đại học Phan Thiết...
    -> grounding (high) https://rxhcmmggzodoapyjxcug.supabase.co/storage/v1/object/public/scho
[27/72] DPX Trường Đại học Sư phạm Thành phố Hồ Chí Minh...
/Users/fuzzefer/projects/zpath/pipeline/.venv/lib/python3.14/site-packages/urllib3/connectionpool.py:1110: InsecureRequestWarning: Unverified HTTPS request is being made to host 'hcmue.edu.vn'. Adding certificate verification is strongly advised. See: https://urllib3.readthedocs.io/en/latest/advanced-usage.html#tls-warnings
  warnings.warn(
  ⚠️  SSL verify FAILED cho vertexaisearch.cloud.google.com -> retry với verify=False. Dữ liệu vẫn lấy được, nhưng domain này có vấn đề chứng chỉ SSL (cần lưu ý). Chi tiết: HTTPSConnectionPool(host='hcmue.edu.vn', port=443): Max retries exceeded with url: /vi/tin-tuc-su-kien/su-kien/1985-k-ni-m-46-nam-ngay-thanh-l-p-tru-ng-d-i-h-c-su-ph-m-thanh-ph-h-chi-minh (Caused by SSLError(SSLCertVerificationError(1, '[SSL: CERTIFICATE_VERIFY_FAILED] certificate verify failed: unable to get local issuer certificate (_ssl.c:1081)')))
  ⚠️  SSL verify FAILED cho vertexaisearch.cloud.google.com -> retry với verify=False. Dữ liệu vẫn lấy được, nhưng domain này có vấn đề chứng chỉ SSL (cần lưu ý). Chi tiết: HTTPSConnectionPool(host='hcmue.edu.vn', port=443): Max retries exceeded with url: /vi/dao-tao/dai-hoc/thong-tin-lien-he (Caused by SSLError(SSLCertVerificationError(1, '[SSL: CERTIFICATE_VERIFY_FAILED] certificate verify failed: unable to get local issuer certificate (_ssl.c:1081)')))
    -> grounding (high) https://rxhcmmggzodoapyjxcug.supabase.co/storage/v1/object/public/scho
[28/72] DQC Trường Đại học Quảng Bình...
    -> grounding (high) https://rxhcmmggzodoapyjxcug.supabase.co/storage/v1/object/public/scho
[29/72] DQL Trường Đại học Luật Thành phố Hồ Chí Minh...
/Users/fuzzefer/projects/zpath/pipeline/.venv/lib/python3.14/site-packages/urllib3/connectionpool.py:1110: InsecureRequestWarning: Unverified HTTPS request is being made to host 'dttt.hcmulaw.edu.vn'. Adding certificate verification is strongly advised. See: https://urllib3.readthedocs.io/en/latest/advanced-usage.html#tls-warnings
  warnings.warn(
  ⚠️  SSL verify FAILED cho vertexaisearch.cloud.google.com -> retry với verify=False. Dữ liệu vẫn lấy được, nhưng domain này có vấn đề chứng chỉ SSL (cần lưu ý). Chi tiết: HTTPSConnectionPool(host='dttt.hcmulaw.edu.vn', port=443): Max retries exceeded with url: / (Caused by SSLError(SSLCertVerificationError(1, '[SSL: CERTIFICATE_VERIFY_FAILED] certificate verify failed: unable to get local issuer certificate (_ssl.c:1081)')))
    -> grounding (high) https://rxhcmmggzodoapyjxcug.supabase.co/storage/v1/object/public/scho
[30/72] DQN Trường Đại học Quy Nhơn...
    -> grounding (high) https://rxhcmmggzodoapyjxcug.supabase.co/storage/v1/object/public/scho
[31/72] DTH Trường Đại học Thăng Long...
    -> grounding (high) https://rxhcmmggzodoapyjxcug.supabase.co/storage/v1/object/public/scho
[32/72] DUE Trường Đại học Kinh tế - Đại học Đà Nẵng...
    -> grounding (high) https://rxhcmmggzodoapyjxcug.supabase.co/storage/v1/object/public/scho
[33/72] EDU Trường Đại học Giáo dục - Đại học Quốc gia Hà Nội...
/Users/fuzzefer/projects/zpath/pipeline/.venv/lib/python3.14/site-packages/urllib3/connectionpool.py:1110: InsecureRequestWarning: Unverified HTTPS request is being made to host 'vnu.vn'. Adding certificate verification is strongly advised. See: https://urllib3.readthedocs.io/en/latest/advanced-usage.html#tls-warnings
  warnings.warn(
  ⚠️  SSL verify FAILED cho vertexaisearch.cloud.google.com -> retry với verify=False. Dữ liệu vẫn lấy được, nhưng domain này có vấn đề chứng chỉ SSL (cần lưu ý). Chi tiết: HTTPSConnectionPool(host='vnu.vn', port=443): Max retries exceeded with url: /ttsk/?C1707/N66/TRuoNG-daI-HoC-GIaO-DuC-(VNU-UED).htm (Caused by SSLError(SSLCertVerificationError(1, "[SSL: CERTIFICATE_VERIFY_FAILED] certificate verify failed: Hostname mismatch, certificate is not valid for 'vnu.vn'. (_ssl.c:1081)")))
    -> grounding (high) https://rxhcmmggzodoapyjxcug.supabase.co/storage/v1/object/public/scho
[34/72] HAU Trường Đại học Kiến trúc Hà Nội...
    -> grounding (high) https://rxhcmmggzodoapyjxcug.supabase.co/storage/v1/object/public/scho
[35/72] HBT Trường Đại học Công nghệ Sài Gòn...
    -> grounding (high) https://rxhcmmggzodoapyjxcug.supabase.co/storage/v1/object/public/scho
[36/72] HHA Trường Đại học Hàng hải Việt Nam...
/Users/fuzzefer/projects/zpath/pipeline/.venv/lib/python3.14/site-packages/urllib3/connectionpool.py:1110: InsecureRequestWarning: Unverified HTTPS request is being made to host 'vimaru.edu.vn'. Adding certificate verification is strongly advised. See: https://urllib3.readthedocs.io/en/latest/advanced-usage.html#tls-warnings
  warnings.warn(
/Users/fuzzefer/projects/zpath/pipeline/.venv/lib/python3.14/site-packages/urllib3/connectionpool.py:1110: InsecureRequestWarning: Unverified HTTPS request is being made to host 'vimaru.edu.vn'. Adding certificate verification is strongly advised. See: https://urllib3.readthedocs.io/en/latest/advanced-usage.html#tls-warnings
  warnings.warn(
  ⚠️  SSL verify FAILED cho vertexaisearch.cloud.google.com -> retry với verify=False. Dữ liệu vẫn lấy được, nhưng domain này có vấn đề chứng chỉ SSL (cần lưu ý). Chi tiết: HTTPSConnectionPool(host='vimaru.edu.vn', port=443): Max retries exceeded with url: / (Caused by SSLError(SSLCertVerificationError(1, '[SSL: CERTIFICATE_VERIFY_FAILED] certificate verify failed: unable to get local issuer certificate (_ssl.c:1081)')))
    -> grounding (high) https://rxhcmmggzodoapyjxcug.supabase.co/storage/v1/object/public/scho
[37/72] HIU Trường Đại học Quốc tế Hồng Bàng...
    -> grounding (high) https://rxhcmmggzodoapyjxcug.supabase.co/storage/v1/object/public/scho
[38/72] HMT Trường Đại học Y tế Công cộng...
    -> grounding (high) https://rxhcmmggzodoapyjxcug.supabase.co/storage/v1/object/public/scho
[39/72] KCN Trường Đại học Khoa học và Công nghệ Hà Nội...
    -> grounding (high) https://rxhcmmggzodoapyjxcug.supabase.co/storage/v1/object/public/scho
[40/72] KMA Học viện Kỹ thuật Mật mã...
  ↪ Playwright fallback cho vertexaisearch.cloud.google.com (requests trả nội dung rỗng/ngắn)
    -> grounding (high) https://rxhcmmggzodoapyjxcug.supabase.co/storage/v1/object/public/scho
[41/72] KTC Trường Đại học Kinh tế - Tài chính Thành phố Hồ Chí Minh...
    -> grounding (high) https://rxhcmmggzodoapyjxcug.supabase.co/storage/v1/object/public/scho
[42/72] KTH Trường Đại học Kinh tế - Đại học Huế...
    -> grounding (high) https://rxhcmmggzodoapyjxcug.supabase.co/storage/v1/object/public/scho
[43/72] LDA Trường Đại học Lao động - Xã hội...
/Users/fuzzefer/projects/zpath/pipeline/.venv/lib/python3.14/site-packages/urllib3/connectionpool.py:1110: InsecureRequestWarning: Unverified HTTPS request is being made to host 'ulsa.edu.vn'. Adding certificate verification is strongly advised. See: https://urllib3.readthedocs.io/en/latest/advanced-usage.html#tls-warnings
  warnings.warn(
/Users/fuzzefer/projects/zpath/pipeline/.venv/lib/python3.14/site-packages/urllib3/connectionpool.py:1110: InsecureRequestWarning: Unverified HTTPS request is being made to host 'ulsa.edu.vn'. Adding certificate verification is strongly advised. See: https://urllib3.readthedocs.io/en/latest/advanced-usage.html#tls-warnings
  warnings.warn(
  ⚠️  SSL verify FAILED cho vertexaisearch.cloud.google.com -> retry với verify=False. Dữ liệu vẫn lấy được, nhưng domain này có vấn đề chứng chỉ SSL (cần lưu ý). Chi tiết: HTTPSConnectionPool(host='ulsa.edu.vn', port=443): Max retries exceeded with url: /gioi-thieu/tong-quan-ulsa/gioi-thieu-ve-ulsa/ (Caused by SSLError(SSLCertVerificationError(1, '[SSL: CERTIFICATE_VERIFY_FAILED] certificate verify failed: unable to get local issuer certificate (_ssl.c:1081)')))
    -> grounding (high) https://rxhcmmggzodoapyjxcug.supabase.co/storage/v1/object/public/scho
[44/72] LHN Trường Đại học Luật Hà Nội...
  ↪ Playwright fallback cho vertexaisearch.cloud.google.com (requests trả nội dung rỗng/ngắn)
    -> grounding (high) https://rxhcmmggzodoapyjxcug.supabase.co/storage/v1/object/public/scho
[45/72] MHN Trường Đại học Mở Hà Nội...
    -> grounding (high) https://rxhcmmggzodoapyjxcug.supabase.co/storage/v1/object/public/scho
[46/72] MSH Trường Đại học Mỹ thuật Thành phố Hồ Chí Minh...
    -> grounding (high) https://rxhcmmggzodoapyjxcug.supabase.co/storage/v1/object/public/scho
[47/72] NHA Học viện Âm nhạc Quốc gia Việt Nam...
    -> grounding (high) https://rxhcmmggzodoapyjxcug.supabase.co/storage/v1/object/public/scho
[48/72] QHI Trường Đại học Công nghệ - Đại học Quốc gia Hà Nội...
    -> grounding (high) https://rxhcmmggzodoapyjxcug.supabase.co/storage/v1/object/public/scho
[49/72] QHQ Trường Quốc tế - Đại học Quốc gia Hà Nội...
    -> grounding (high) https://rxhcmmggzodoapyjxcug.supabase.co/storage/v1/object/public/scho
[50/72] QHT Trường Đại học Khoa học Tự nhiên - Đại học Quốc gia Hà Nội...
    -> grounding (high) https://rxhcmmggzodoapyjxcug.supabase.co/storage/v1/object/public/scho
[51/72] QSC Trường Đại học Công nghệ Thông tin - Đại học Quốc gia Thành phố Hồ Chí Minh...
    -> none (-) 
[52/72] QSK Trường Đại học Kinh tế - Luật - Đại học Quốc gia Thành phố Hồ Chí Minh...
    -> grounding (high) https://rxhcmmggzodoapyjxcug.supabase.co/storage/v1/object/public/scho
[53/72] RMIT Trường Đại học RMIT Việt Nam...
    -> none (-) 
[54/72] SGD Trường Đại học Sài Gòn...
    -> grounding (high) https://rxhcmmggzodoapyjxcug.supabase.co/storage/v1/object/public/scho
[55/72] SKD Trường Đại học Sân khấu - Điện ảnh Hà Nội...
    -> grounding (high) https://rxhcmmggzodoapyjxcug.supabase.co/storage/v1/object/public/scho
[56/72] TBD Trường Đại học Thái Bình Dương...
    -> grounding (high) https://rxhcmmggzodoapyjxcug.supabase.co/storage/v1/object/public/scho
[57/72] TBU Trường Đại học Tây Bắc...
    -> grounding (high) https://rxhcmmggzodoapyjxcug.supabase.co/storage/v1/object/public/scho
[58/72] TDU Trường Đại học Tây Nguyên...
    -> grounding (high) https://rxhcmmggzodoapyjxcug.supabase.co/storage/v1/object/public/scho
[59/72] TKG Trường Đại học Kiên Giang...
    -> grounding (high) https://rxhcmmggzodoapyjxcug.supabase.co/storage/v1/object/public/scho
[60/72] TQU Trường Đại học Tân Trào...
    -> grounding (high) https://rxhcmmggzodoapyjxcug.supabase.co/storage/v1/object/public/scho
[61/72] UAH Trường Đại học Kiến trúc Thành phố Hồ Chí Minh...
    -> grounding (high) https://rxhcmmggzodoapyjxcug.supabase.co/storage/v1/object/public/scho
[62/72] UMT Trường Đại học Quản lý và Công nghệ Thành phố Hồ Chí Minh...
    -> grounding (high) https://rxhcmmggzodoapyjxcug.supabase.co/storage/v1/object/public/scho
[63/72] UNETI Trường Đại học Kinh tế - Kỹ thuật Công nghiệp...
/Users/fuzzefer/projects/zpath/pipeline/.venv/lib/python3.14/site-packages/urllib3/connectionpool.py:1110: InsecureRequestWarning: Unverified HTTPS request is being made to host 'uneti.edu.vn'. Adding certificate verification is strongly advised. See: https://urllib3.readthedocs.io/en/latest/advanced-usage.html#tls-warnings
  warnings.warn(
/Users/fuzzefer/projects/zpath/pipeline/.venv/lib/python3.14/site-packages/urllib3/connectionpool.py:1110: InsecureRequestWarning: Unverified HTTPS request is being made to host 'uneti.edu.vn'. Adding certificate verification is strongly advised. See: https://urllib3.readthedocs.io/en/latest/advanced-usage.html#tls-warnings
  warnings.warn(
/Users/fuzzefer/projects/zpath/pipeline/.venv/lib/python3.14/site-packages/urllib3/connectionpool.py:1110: InsecureRequestWarning: Unverified HTTPS request is being made to host 'uneti.edu.vn'. Adding certificate verification is strongly advised. See: https://urllib3.readthedocs.io/en/latest/advanced-usage.html#tls-warnings
  warnings.warn(
  ⚠️  SSL verify FAILED cho vertexaisearch.cloud.google.com -> retry với verify=False. Dữ liệu vẫn lấy được, nhưng domain này có vấn đề chứng chỉ SSL (cần lưu ý). Chi tiết: HTTPSConnectionPool(host='uneti.edu.vn', port=443): Max retries exceeded with url: /lich-su-nha-truong-uneti/ (Caused by SSLError(SSLCertVerificationError(1, '[SSL: CERTIFICATE_VERIFY_FAILED] certificate verify failed: unable to get local issuer certificate (_ssl.c:1081)')))
    -> grounding (high) https://rxhcmmggzodoapyjxcug.supabase.co/storage/v1/object/public/scho
[64/72] VHH Trường Đại học Văn hóa Hà Nội...
  ↪ Playwright fallback cho vertexaisearch.cloud.google.com (requests trả nội dung rỗng/ngắn)
    -> grounding (high) https://rxhcmmggzodoapyjxcug.supabase.co/storage/v1/object/public/scho
[65/72] VJD Trường Đại học Việt Nhật - Đại học Quốc gia Hà Nội...
  ⚠️  SSL verify FAILED cho vertexaisearch.cloud.google.com -> retry với verify=False. Dữ liệu vẫn lấy được, nhưng domain này có vấn đề chứng chỉ SSL (cần lưu ý). Chi tiết: HTTPSConnectionPool(host='tuyensinh.vnu.edu.vn', port=443): Max retries exceeded with url: /index.php/Home/viewpage/154 (Caused by SSLError(SSLCertVerificationError(1, '[SSL: CERTIFICATE_VERIFY_FAILED] certificate verify failed: unable to get local issuer certificate (_ssl.c:1081)')))
    -> grounding (high) https://rxhcmmggzodoapyjxcug.supabase.co/storage/v1/object/public/scho
[66/72] VKA Học viện Ngoại giao...
    -> grounding (high) https://rxhcmmggzodoapyjxcug.supabase.co/storage/v1/object/public/scho
[67/72] VNC Nhạc viện Thành phố Hồ Chí Minh...
    -> grounding (high) https://rxhcmmggzodoapyjxcug.supabase.co/storage/v1/object/public/scho
[68/72] VUT Trường Đại học Công nghệ Vạn Xuân...
    -> grounding (high) https://rxhcmmggzodoapyjxcug.supabase.co/storage/v1/object/public/scho
[69/72] XSH Trường Đại học Khoa học Xã hội và Nhân văn - Đại học Quốc gia Thành phố Hồ Chí Minh...
    -> grounding (high) https://rxhcmmggzodoapyjxcug.supabase.co/storage/v1/object/public/scho
[70/72] YDH Trường Đại học Y Dược - Đại học Huế...
    -> grounding (high) https://rxhcmmggzodoapyjxcug.supabase.co/storage/v1/object/public/scho
[71/72] YDS Trường Đại học Y Dược Thành phố Hồ Chí Minh...
    -> grounding (high) https://rxhcmmggzodoapyjxcug.supabase.co/storage/v1/object/public/scho
[72/72] YQD Học viện Quân y...
    -> grounding (high) https://rxhcmmggzodoapyjxcug.supabase.co/storage/v1/object/public/scho

✅ Xong 72 trường.
   Summary: /Users/fuzzefer/projects/zpath/pipeline/data/output/logo_summary.csv
   Files: /Users/fuzzefer/projects/zpath/pipeline/data/output/logo_files/
