[2026-06-14T06:10:57.189387+00:00] KHA | tier3 https://daotao.neu.edu.vn/Resources/Docs/SubDomain/daotao/CDR/3037_QD_BGDDT.signed.pdf: No /Root object! - Is this really a PDF?
[2026-06-14T06:12:29.365114+00:00] DDK | tier2 (landing-pdf) https://tuyensinh.dut.udn.vn/de-an-tuyen-sinh: 404 Client Error: Not Found for url: https://tuyensinh.dut.udn.vn/de-an-tuyen-sinh
[2026-06-14T06:12:55.073286+00:00] DQS | tier2 (landing-pdf) https://tuyensinh.hcmiu.edu.vn/tuyen-sinh/thong-tin-tuyen-sinh-2026/: 404 Client Error: Not Found for url: https://tuyensinh.hcmiu.edu.vn/tuyen-sinh/thong-tin-tuyen-sinh-2026/
[2026-06-14T06:23:13.214772+00:00] TMA | tier2 (suggested-fallback) https://tmu.edu.vn/tuyen-sinh: 404 Client Error: Not Found for url: https://tmu.edu.vn/tuyen-sinh
[2026-06-14T06:23:13.521731+00:00] TMA | tier2 (suggested-fallback) https://tmu.edu.vn/dao-tao/dai-hoc-chinh-quy: 404 Client Error: Not Found for url: https://tmu.edu.vn/dao-tao/dai-hoc-chinh-quy
[2026-06-14T06:24:07.648116+00:00] DGH | tier1: HTTPSConnectionPool(host='hnue.edu.vn', port=443): Max retries exceeded with url: / (Caused by ConnectTimeoutError(<HTTPSConnection(host='hnue.edu.vn', port=443) at 0x113067110>, 'Connection to hnue.edu.vn timed out. (connect timeout=30)'))
[2026-06-14T06:24:39.953238+00:00] DGH | tier2 (landing-pdf) https://hnue.edu.vn/tin-tuc/11285/thong-bao-tuyen-sinh-boi-duong-cap-chung-nhan-chung-chi-nam-2026.html: HTTPSConnectionPool(host='hnue.edu.vn', port=443): Max retries exceeded with url: /tin-tuc/11285/thong-bao-tuyen-sinh-boi-duong-cap-chung-nhan-chung-chi-nam-2026.html (Caused by ConnectTimeoutError(<HTTPSConnection(host='hnue.edu.vn', port=443) at 0x10ed8fb10>, 'Connection to hnue.edu.vn timed out. (connect timeout=30)'))
[2026-06-14T06:25:14.896648+00:00] DGH | tier3 https://dtbdtx.hnue.edu.vn/Portals/0/danh%20mc%20MN.pdf: HTTPSConnectionPool(host='dtbdtx.hnue.edu.vn', port=443): Max retries exceeded with url: /Portals/0/danh%20mc%20MN.pdf (Caused by ConnectTimeoutError(<HTTPSConnection(host='dtbdtx.hnue.edu.vn', port=443) at 0x113679d10>, 'Connection to dtbdtx.hnue.edu.vn timed out. (connect timeout=30)'))
[2026-06-14T06:25:37.603617+00:00] DGH | Trường Đại học Sư phạm Hà Nội | timeout sau 120s
[2026-06-14T06:34:07.063140+00:00] NTT | tier3 https://tuyensinh.ntt.edu.vn/upload/2026/thong-tin-xet-tuyen-2026/4-phuong-thuc/ntt-brochure-2026-1.pdf: scanned PDF too large for inline read (45188215 bytes)
[2026-06-14T06:35:27.533410+00:00] DCG | tier1: HTTPSConnectionPool(host='tuyensinh.dntu.edu.vn', port=443): Max retries exceeded with url: / (Caused by NameResolutionError("HTTPSConnection(host='tuyensinh.dntu.edu.vn', port=443): Failed to resolve 'tuyensinh.dntu.edu.vn' ([Errno 8] nodename nor servname provided, or not known)"))
[2026-06-14T06:38:12.813446+00:00] HUTECH | tier3 http://www.hutech.edu.vn/file/homepage/CAM-NANG-SINH-VIENmerged.pdf: No /Root object! - Is this really a PDF?
[2026-06-14T06:38:15.560962+00:00] DUE | tier1: 404 Client Error: Not Found for url: https://due.udn.vn/vi-vn/tuyensinh/cid/3139
[2026-06-14T06:39:49.473797+00:00] DED | tier3 https://tuyensinh.ued.udn.vn/wp-content/uploads/2026/02/DDS.-THONG-TIN-TUYEN-SINH-08.6.2026-1.pdf: Extra data: line 414 column 1 (char 11643)
[2026-06-14T06:40:34.023416+00:00] TTU | tier2 (landing-pdf) https://tuyensinh.ttu.edu.vn/thong-tin-tuyen-sinh/: HTTPSConnectionPool(host='tuyensinh.ttu.edu.vn', port=443): Read timed out. (read timeout=30)
[2026-06-14T06:41:04.169316+00:00] TTU | tier2 (landing-pdf) https://tuyensinh.ttu.edu.vn/thong-tin-tuyen-sinh: HTTPSConnectionPool(host='tuyensinh.ttu.edu.vn', port=443): Read timed out. (read timeout=30)
[2026-06-14T06:41:34.296361+00:00] TTU | tier2 (suggested-fallback) https://tuyensinh.ttu.edu.vn/thong-tin-tuyen-sinh/: HTTPSConnectionPool(host='tuyensinh.ttu.edu.vn', port=443): Read timed out. (read timeout=30)
[2026-06-14T06:41:53.356216+00:00] TTU | Trường Đại học Tân Tạo | timeout sau 120s
[2026-06-14T06:41:56.763595+00:00] VGU | tier1: 404 Client Error: Not Found for url: https://vgu.edu.vn/tuyensinh
[2026-06-14T06:42:03.110725+00:00] BUV | tier1: 404 Client Error: Not Found for url: https://www.buv.edu.vn/admissions/
[2026-06-14T06:42:28.925307+00:00] VUN | tier1: HTTPSConnectionPool(host='admission.vinuni.edu.vn', port=443): Max retries exceeded with url: / (Caused by NameResolutionError("HTTPSConnection(host='admission.vinuni.edu.vn', port=443): Failed to resolve 'admission.vinuni.edu.vn' ([Errno 8] nodename nor servname provided, or not known)"))
[2026-06-14T06:42:46.815130+00:00] DDT | tier3 http://www.facebook.com/sharer.php?s=100&p[title]=Xác+định+Chỉ+tiêu+Tuyển+sinh+Năm+2026+Trình+độ+TS,+ThS,+ĐH&p[summary]=Dai%20Hoc%20Duy%20Tan&p[url]=https%3A%2F%2Fduytan.edu.vn%2Fde-an-tuyen-sinh%2Fxac-dinh-chi-tieu-tuyen-sinh-nam-2026-trinh-do-ts-ths-dh-r8c%3Fv%3D1&p[images][0]=https://ep-fd-files02-duytan-fqa4dvfcdadxbebg.a02.azurefd.net/svruploads/dtu-duytan/upload/images/639160950441889199-3.jpg: 400 Client Error: Bad Request for url: https://www.facebook.com/share_channel/?type=empty&source_surface=external_share
[2026-06-14T06:42:47.493859+00:00] DDT | tier3 http://www.facebook.com/sharer.php?s=100&p[title]=Đề+Án+Tuyển+Sinh+Trình+Độ+Đại+Học+Hệ+Chính+Qui+Năm+2026+(Cập+nhật)&p[summary]=Dai%20Hoc%20Duy%20Tan&p[url]=https%3A%2F%2Fduytan.edu.vn%2Fde-an-tuyen-sinh%2Fde-an-tuyen-sinh-trinh-do-dai-hoc-he-chinh-qui-nam-2026-cap-nhat-lhn%3Fv%3D1&p[images][0]=https://ep-fd-files02-duytan-fqa4dvfcdadxbebg.a02.azurefd.net/svruploads/dtu-duytan/upload/images/639155604010984275-3.jpg: 400 Client Error: Bad Request for url: https://www.facebook.com/share_channel/?type=empty&source_surface=external_share
[2026-06-14T06:48:27.326384+00:00] DGH | tier3 https://dtbdtx.hnue.edu.vn/Portals/0/danh%20mc%20TH.pdf: HTTPSConnectionPool(host='dtbdtx.hnue.edu.vn', port=443): Max retries exceeded with url: /Portals/0/danh%20mc%20TH.pdf (Caused by ConnectTimeoutError(<HTTPSConnection(host='dtbdtx.hnue.edu.vn', port=443) at 0x114beac10>, 'Connection to dtbdtx.hnue.edu.vn timed out. (connect timeout=30)'))
[2026-06-14T06:49:09.851296+00:00] TTU | tier2 (landing-pdf) https://tuyensinh.ttu.edu.vn/thong-tin-tuyen-sinh/: HTTPSConnectionPool(host='tuyensinh.ttu.edu.vn', port=443): Read timed out. (read timeout=30)
[2026-06-14T06:49:39.921538+00:00] TTU | tier2 (landing-pdf) https://tuyensinh.ttu.edu.vn/thong-tin-tuyen-sinh: 503 Server Error: Backend fetch failed for url: https://tuyensinh.ttu.edu.vn/thong-tin-tuyen-sinh/
[2026-06-14T06:49:40.060093+00:00] TTU | tier2 (suggested-fallback) https://tuyensinh.ttu.edu.vn/thong-tin-tuyen-sinh/: 503 Server Error: Backend fetch failed for url: https://tuyensinh.ttu.edu.vn/thong-tin-tuyen-sinh/
[2026-06-14T06:50:10.150818+00:00] TTU | tier2 (suggested-fallback) https://tuyensinh.ttu.edu.vn/hoc-phi-va-hoc-bong/: HTTPSConnectionPool(host='tuyensinh.ttu.edu.vn', port=443): Read timed out. (read timeout=30)
[2026-06-14T06:51:13.688798+00:00] XSH | tier3 https://drive.google.com/file/d/1PYsHnE7Xv8Syo5jelEk28qkfsvIY1BJl/view?usp=sharing: 404 Client Error: Not Found for url: https://drive.google.com/file/d/1PYsHnE7Xv8Syo5jelEk28qkfsvIY1BJl/view?usp=sharing
[2026-06-14T06:51:14.536300+00:00] XSH | tier3 https://drive.google.com/file/d/1EYI79pK7kYMB_zA-u_husDxj4hXAsjD6/view?usp=sharing: 404 Client Error: Not Found for url: https://drive.google.com/file/d/1EYI79pK7kYMB_zA-u_husDxj4hXAsjD6/view?usp=sharing
[2026-06-14T06:51:15.045558+00:00] XSH | tier3 https://drive.google.com/file/d/1n3qxj_3IUdtx1kGHQy3EQ1xqauQiStGz/view?usp=sharing: 404 Client Error: Not Found for url: https://drive.google.com/file/d/1n3qxj_3IUdtx1kGHQy3EQ1xqauQiStGz/view?usp=sharing
[2026-06-14T06:52:15.674139+00:00] QHE | tier1: HTTPSConnectionPool(host='tuyensinh.ueb.edu.vn', port=443): Max retries exceeded with url: / (Caused by NameResolutionError("HTTPSConnection(host='tuyensinh.ueb.edu.vn', port=443): Failed to resolve 'tuyensinh.ueb.edu.vn' ([Errno 8] nodename nor servname provided, or not known)"))
[2026-06-14T06:53:49.494999+00:00] QHD | tier2 (landing-pdf) https://www.facebook.com/sharer/sharer.php?u=https://education.vnu.edu.vn/tuyen-sinh/dai-hoc-chinh-quy/thong-tin-tuyen-sinh-trinh-do-dai-hoc-nam-2026: 400 Client Error: Bad Request for url: https://www.facebook.com/sharer/sharer.php?u=https://education.vnu.edu.vn/tuyen-sinh/dai-hoc-chinh-quy/thong-tin-tuyen-sinh-trinh-do-dai-hoc-nam-2026
[2026-06-14T06:54:01.203763+00:00] DYV | tier1: 404 Client Error: Not Found for url: https://www.pnt.edu.vn/tuyen-sinh-dai-hoc/thong-tin-tuyen-sinh-dai-hoc-nam-2026
[2026-06-14T06:54:08.661199+00:00] YTB | tier2 (landing-pdf) https://tbump.edu.vn/tin-tuc-dao-tao/thong-bao-tuyen-sinh-cac-lop-chuyen-khoa-co-ban-va-dao-tao-lien-tuc-tu-nam-2026-684.html: 404 Client Error: Not Found for url: https://daotao.tbump.edu.vn/tin-hoat-dong/thong-bao-tuyen-sinh-cac-lop-chuyen-khoa-co-ban-va-dao-tao-lien-tuc-tu-nam-2026-264.html
[2026-06-14T06:54:34.887553+00:00] YCT | tier1: 404 Client Error: Not Found for url: https://tuyensinh.ctump.edu.vn/index.php/thong-tin-tuyen-sinh-dai-hoc/thong-bao-tuyen-sinh-dai-hoc-he-chinh-quy-nam-2026
[2026-06-14T06:55:48.529045+00:00] BCH | tier1: 400 Client Error: Bad Request for url: https://ajc.edu.vn/thong-bao-phuong-an-tuyen-sinh-dai-hoc-chinh-quy-nam-2026-1772450163719.html
[2026-06-14T06:57:50.056149+00:00] NSP | tier1: 404 Client Error: Not Found for url: https://spnttw.edu.vn/tuyen-sinh/thong-bao-tuyen-sinh-dai-hoc
[2026-06-14T06:58:57.006865+00:00] DTT | tier1: 404 Client Error: Not Found for url: https://tgu.edu.vn/thong-tin-tuyensinh.html
[2026-06-14T07:00:24.893225+00:00] DHP | tier2 (suggested-fallback) https://tuyensinh.dhhp.edu.vn/tuition: 404 Client Error: Not Found for url: https://tuyensinh.dhhp.edu.vn/tuition
[2026-06-14T07:00:29.570919+00:00] DTB | tier2 (landing-pdf) https://tbu.edu.vn/de-an-mo-nganh.html: 500 Server Error: Internal Server Error for url: https://tbu.edu.vn/de-an-mo-nganh.html
[2026-06-14T07:00:39.216714+00:00] DHD | tier1: 404 Client Error: Not Found for url: https://uhd.edu.vn/uploads/news/2026_04/qd-289-ban-hanh-thong-tin-tuyen-sinh-nam-2026-1.pdf
[2026-06-14T07:00:55.093931+00:00] DHV | tier1: 404 Client Error: Not Found for url: https://hvu.edu.vn/thong-tin-tuyen-sinh-nam-2026
[2026-06-14T07:01:23.677028+00:00] DHT | tier1: HTTPSConnectionPool(host='htu.edu.vn', port=443): Max retries exceeded with url: /index.php/tuyen-sinh/thong-tin-tuyen-sinh (Caused by NewConnectionError("HTTPSConnection(host='htu.edu.vn', port=443): Failed to establish a new connection: [Errno 61] Connection refused"))
[2026-06-14T07:24:27.814894+00:00] DDK | tier2 (landing-pdf) https://tuyensinh.dut.udn.vn/de-an-tuyen-sinh: 404 Client Error: Not Found for url: https://tuyensinh.dut.udn.vn/de-an-tuyen-sinh
[2026-06-14T07:24:48.249032+00:00] DQS | tier2 (landing-pdf) https://tuyensinh.hcmiu.edu.vn/tuyen-sinh/thong-tin-tuyen-sinh-2026/: 404 Client Error: Not Found for url: https://tuyensinh.hcmiu.edu.vn/tuyen-sinh/thong-tin-tuyen-sinh-2026/
[2026-06-14T07:25:21.554613+00:00] DQS | tier2 (suggested-fallback) http://tuyensinh.hcmiu.edu.vn/: HTTPConnectionPool(host='tuyensinh.hcmiu.edu.vn', port=80): Max retries exceeded with url: / (Caused by ConnectTimeoutError(<HTTPConnection(host='tuyensinh.hcmiu.edu.vn', port=80) at 0x111326a50>, 'Connection to tuyensinh.hcmiu.edu.vn timed out. (connect timeout=30)'))
[2026-06-14T07:25:22.266275+00:00] DQS | tier2 (suggested-fallback) https://tuyensinh.hcmiu.edu.vn/tuyen-sinh/thong-tin-tuyen-sinh-2026/: 404 Client Error: Not Found for url: https://tuyensinh.hcmiu.edu.vn/tuyen-sinh/thong-tin-tuyen-sinh-2026/
