Phạm vi: 43 | đã có: 0 | sẽ crawl: 43

[1/43] DDL Trường Đại học Điện lực...
    -> success, ngành có học phí: 2, school_wide: 15.0-20.0 (https://sinhvien.epu.edu.vn/Resource/Upload/file/2026/1485-Q)
[2/43] TKG Trường Đại học Kiên Giang...
    -> success, ngành có học phí: 4, school_wide: - (https://khoahoc.vietjack.com/tuyen-sinh/1263/hoc-phi-truong-)
[3/43] MHN Trường Đại học Mở Hà Nội...
  ↪ Playwright fallback cho vertexaisearch.cloud.google.com (requests trả nội dung rỗng/ngắn)
    -> success, ngành có học phí: 6, school_wide: 23.694-25.289 (https://laodong.vn/tuyen-sinh/hoc-phi-dai-hoc-2026-nhieu-tru)
[4/43] HIU Trường Đại học Quốc tế Hồng Bàng...
  ↪ Playwright fallback cho vertexaisearch.cloud.google.com (requests trả nội dung rỗng/ngắn)
    -> success, ngành có học phí: 0, school_wide: 55-55 (https://laodong.vn/giao-duc/hiu-tung-chinh-sach-hoc-phi-2025)
[5/43] DCN Trường Đại học Công nghiệp Hà Nội...
    -> success, ngành có học phí: 2, school_wide: 25-44 (https://diemthi.tuyensinh247.com/de-an-tuyen-sinh/dai-hoc-co)
[6/43] DQN Trường Đại học Quy Nhơn...
    -> partial, ngành có học phí: 3, school_wide: 12-15 (https://tuyensinh.qnu.edu.vn/vi/thong-tin-can-biet-1397/hoc-)
[7/43] KCN Trường Đại học Khoa học và Công nghệ Hà Nội...
    -> success, ngành có học phí: 7, school_wide: 22-125 (https://usth.edu.vn/thong-bao-quy-dinh-muc-hoc-phi-chinh-thu)
[8/43] HBT Trường Đại học Công nghệ Sài Gòn...
  ↪ Playwright fallback cho daotao2.stu.edu.vn (requests trả nội dung rỗng/ngắn)
    -> needs_deeper_crawl, ngành có học phí: 0, school_wide: - (http://daotao2.stu.edu.vn/)
[9/43] DBS Trường Đại học Kinh tế Thành phố Hồ Chí Minh...
    -> error, ngành có học phí: 0, school_wide: - ()
[10/43] BVH Học viện Công nghệ Bưu chính Viễn thông...
    -> success, ngành có học phí: 4, school_wide: 35.9-67.2 (https://ptit.edu.vn/hoc-vien-cong-nghe-buu-chinh-vien-thong-)
[11/43] DHK Trường Đại học Khoa học Tự nhiên - Đại học Quốc gia Thành phố Hồ Chí Minh...
    -> success, ngành có học phí: 0, school_wide: 32-70 (https://cafebiz.vn/tphcm-truong-dh-khoa-hoc-tu-nhien-cong-bo)
[12/43] TDU Trường Đại học Tây Nguyên...
    -> success, ngành có học phí: 13, school_wide: 17.9-26.03 (https://tuyensinh.huflis.edu.vn/tin-tuc/thong-tin-tuyen-sinh)
[13/43] VHH Trường Đại học Văn hóa Hà Nội...
  ↪ Playwright fallback cho vertexaisearch.cloud.google.com (requests trả nội dung rỗng/ngắn)
  ↪ Playwright fallback cho vertexaisearch.cloud.google.com (requests trả nội dung rỗng/ngắn)
  ↪ Playwright fallback cho vertexaisearch.cloud.google.com (requests trả nội dung rỗng/ngắn)
  ↪ Playwright fallback cho vertexaisearch.cloud.google.com (requests trả nội dung rỗng/ngắn)
    -> success, ngành có học phí: 1, school_wide: - (https://huc.edu.vn/a/241136/THONG-TIN-TUYEN-SINH-DAI-HOC-CHI)
[14/43] VJD Trường Đại học Việt Nhật - Đại học Quốc gia Hà Nội...
    -> success, ngành có học phí: 2, school_wide: - (https://thanhnien.vn/hoc-phi-dai-hoc-2026-co-nganh-tang-gan-)
[15/43] DGD Trường Đại học Công nghiệp Thành phố Hồ Chí Minh...
  ⚠️  SSL verify FAILED cho vertexaisearch.cloud.google.com -> retry với verify=False. Dữ liệu vẫn lấy được, nhưng domain này có vấn đề chứng chỉ SSL (cần lưu ý). Chi tiết: HTTPSConnectionPool(host='tuyensinh.iuh.edu.vn', port=443): Max retries exceeded with url: / (Caused by SSLError(SSLCertVerificationError(1, '[SSL: CERTIFICATE_VERIFY_FAILED] certificate verify failed: unable to get local issuer certificate (_ssl.c:1081)')))
    -> partial, ngành có học phí: 3, school_wide: 32.85-53.58 (https://fptshop.com.vn/tin-tuc/danh-gia/hoc-phi-dai-hoc-cong)
[16/43] DFL Trường Đại học Ngoại ngữ - Đại học Đà Nẵng...
    -> success, ngành có học phí: 2, school_wide: 16.9-19.5 (https://vietjack.com/thong-tin-tuyen-sinh/truong-dai-hoc-ngo)
[17/43] ANH Học viện An ninh Nhân dân...
    -> success, ngành có học phí: 0, school_wide: 0-0 (https://kenhtuyensinh.vn/dai-hoc-an-ninh-nhan-dan-u-2/hoc-ph)
[18/43] CTS Trường Đại học Cần Thơ...
    -> success, ngành có học phí: 11, school_wide: 22.2-40.0 (https://dienthoaivui.com.vn/back-to-school-hoc-phi-dai-hoc-c)
[19/43] DAG Trường Đại học An Giang - Đại học Quốc gia Thành phố Hồ Chí Minh...
    -> success, ngành có học phí: 11, school_wide: - (https://khoahoc.vietjack.com/tuyen-sinh/1283/hoc-phi-chinh-t)
[20/43] DDT Trường Đại học Duy Tân...
    -> needs_deeper_crawl, ngành có học phí: 0, school_wide: - (https://taro.edu.vn/de-an-tuyen-sinh/dai-hoc-duy-tan-DDT)
[21/43] DED Trường Đại học Sư phạm - Đại học Đà Nẵng...
    -> partial, ngành có học phí: 6, school_wide: - (https://khoahoc.vietjack.com/tuyen-sinh/1272/hoc-phi-dai-hoc)
[22/43] DHP Trường Đại học Hải Phòng...
    -> success, ngành có học phí: 1, school_wide: - (https://hpu.edu.vn/blogs/trai-nghiem-hpu/hoc-phi-dai-hoc-hai)
[23/43] DHS Trường Đại học Sư phạm - Đại học Huế...
    -> success, ngành có học phí: 1, school_wide: 15.9-18.5 (https://thieunien.vn/hoc-phi-cua-cac-truong-dai-hoc-nam-hoc-)
[24/43] DKH Trường Đại học Dược Hà Nội...
    -> success, ngành có học phí: 0, school_wide: 28-58 (https://baomoi.com/hoc-phi-he-dai-tra-truong-dai-hoc-duoc-ha)
[25/43] DPH Trường Đại học Phạm Văn Đồng...
    -> needs_deeper_crawl, ngành có học phí: 0, school_wide: - (https://pdu.edu.vn/)
[26/43] DPX Trường Đại học Sư phạm Thành phố Hồ Chí Minh...
  ⚠️  SSL verify FAILED cho vertexaisearch.cloud.google.com -> retry với verify=False. Dữ liệu vẫn lấy được, nhưng domain này có vấn đề chứng chỉ SSL (cần lưu ý). Chi tiết: HTTPSConnectionPool(host='online.hcmue.edu.vn', port=443): Max retries exceeded with url: /TinTuc/20/9220 (Caused by SSLError(SSLCertVerificationError(1, '[SSL: CERTIFICATE_VERIFY_FAILED] certificate verify failed: unable to get local issuer certificate (_ssl.c:1081)')))
  ↪ Playwright fallback cho vertexaisearch.cloud.google.com (requests trả nội dung rỗng/ngắn)
    -> success, ngành có học phí: 35, school_wide: 14.1-16.4 (http://thcstanhoidong.dongthap.edu.vn/tin-tuc-su-kien/hoc-ph)
[27/43] DQL Trường Đại học Luật Thành phố Hồ Chí Minh...
  ⚠️  SSL verify FAILED cho vertexaisearch.cloud.google.com -> retry với verify=False. Dữ liệu vẫn lấy được, nhưng domain này có vấn đề chứng chỉ SSL (cần lưu ý). Chi tiết: HTTPSConnectionPool(host='ts.hcmulaw.edu.vn', port=443): Max retries exceeded with url: /thong-tin-tuyen-sinh-dai-hoc/thong-bao-phuong-thuc-tuyen-sinh-chinh-thuc-nam-2026-733.html (Caused by SSLError(SSLCertVerificationError(1, '[SSL: CERTIFICATE_VERIFY_FAILED] certificate verify failed: unable to get local issuer certificate (_ssl.c:1081)')))
    -> success, ngành có học phí: 3, school_wide: - (https://baophapluat.vn/truong-dai-hoc-luat-tp-hcm-ap-dung-lo)
[28/43] HAU Trường Đại học Kiến trúc Hà Nội...
    -> error, ngành có học phí: 0, school_wide: - ()
[29/43] HHA Trường Đại học Hàng hải Việt Nam...
    -> needs_deeper_crawl, ngành có học phí: 0, school_wide: - (https://jobtest.vn/hrblog/hoc-phi-dai-hoc-hang-hai)
[30/43] KMA Học viện Kỹ thuật Mật mã...
  ↪ Playwright fallback cho vertexaisearch.cloud.google.com (requests trả nội dung rỗng/ngắn)
  ↪ Playwright fallback cho vertexaisearch.cloud.google.com (requests trả nội dung rỗng/ngắn)
    -> success, ngành có học phí: 3, school_wide: - (https://www.tuyensinh-daihoc.com/truong/hoc-vien-ky-thuat-ma)
[31/43] KTC Trường Đại học Kinh tế - Tài chính Thành phố Hồ Chí Minh...
    -> success, ngành có học phí: 0, school_wide: 80-88 (https://www.uef.edu.vn/tin-tuyen-sinh/hoc-phi-cua-uef-la-bao)
[32/43] KTH Trường Đại học Kinh tế - Đại học Huế...
    -> success, ngành có học phí: 5, school_wide: 17.5-32.0 (https://vietjack.com/thong-tin-tuyen-sinh/hoc-phi-truong-dai)
[33/43] LDA Trường Đại học Lao động - Xã hội...
  ⚠️  SSL verify FAILED cho vertexaisearch.cloud.google.com -> retry với verify=False. Dữ liệu vẫn lấy được, nhưng domain này có vấn đề chứng chỉ SSL (cần lưu ý). Chi tiết: HTTPSConnectionPool(host='tuyensinh.ulsa.edu.vn', port=443): Max retries exceeded with url: / (Caused by SSLError(SSLCertVerificationError(1, '[SSL: CERTIFICATE_VERIFY_FAILED] certificate verify failed: unable to get local issuer certificate (_ssl.c:1081)')))
  ⚠️  SSL verify FAILED cho vertexaisearch.cloud.google.com -> retry với verify=False. Dữ liệu vẫn lấy được, nhưng domain này có vấn đề chứng chỉ SSL (cần lưu ý). Chi tiết: HTTPSConnectionPool(host='tuyensinh.ulsa.edu.vn', port=443): Max retries exceeded with url: /thong-bao-tuyen-sinh-dhcq-2026/ (Caused by SSLError(SSLCertVerificationError(1, '[SSL: CERTIFICATE_VERIFY_FAILED] certificate verify failed: unable to get local issuer certificate (_ssl.c:1081)')))
  ⚠️  SSL verify FAILED cho www.ulsa.edu.vn -> retry với verify=False. Dữ liệu vẫn lấy được, nhưng domain này có vấn đề chứng chỉ SSL (cần lưu ý). Chi tiết: HTTPSConnectionPool(host='www.ulsa.edu.vn', port=443): Max retries exceeded with url: / (Caused by SSLError(SSLCertVerificationError(1, "[SSL: CERTIFICATE_VERIFY_FAILED] certificate verify failed: Hostname mismatch, certificate is not valid for 'www.ulsa.edu.vn'. (_ssl.c:1081)")))
    -> partial, ngành có học phí: 0, school_wide: - (https://baodanang.vn/hoc-phi-dai-hoc-lao-dong-xa-hoi-nam-202)
[34/43] MSH Trường Đại học Mỹ thuật Thành phố Hồ Chí Minh...
    -> error, ngành có học phí: 0, school_wide: - ()
[35/43] QHT Trường Đại học Khoa học Tự nhiên - Đại học Quốc gia Hà Nội...
    -> error, ngành có học phí: 0, school_wide: - ()
[36/43] QSK Trường Đại học Kinh tế - Luật - Đại học Quốc gia Thành phố Hồ Chí Minh...
    -> success, ngành có học phí: 4, school_wide: 35.8-91.25 (https://tuyensinh.uel.edu.vn/thong-tin-tuyen-sinh-dai-hoc-ch)
[37/43] SGD Trường Đại học Sài Gòn...
    -> partial, ngành có học phí: 1, school_wide: - (https://tuoitre.vn/truong-dai-hoc-sai-gon-tang-chi-tieu-tuye)
[38/43] SKD Trường Đại học Sân khấu - Điện ảnh Hà Nội...
    -> success, ngành có học phí: 4, school_wide: 15.2-15.2 (https://jobsgo.vn/blog/dai-hoc-san-khau-dien-anh/)
[39/43] TBU Trường Đại học Tây Bắc...
    -> needs_deeper_crawl, ngành có học phí: 0, school_wide: - (https://trangedu.com/truong/dai-hoc-tay-bac/)
[40/43] TDTU Trường Đại học Tôn Đức Thắng...
    -> success, ngành có học phí: 6, school_wide: 20.5-88 (https://thanhnien.vn/hoc-phi-thap-nhat-truong-dh-ton-duc-tha)
[41/43] UNETI Trường Đại học Kinh tế - Kỹ thuật Công nghiệp...
  ⚠️  SSL verify FAILED cho vertexaisearch.cloud.google.com -> retry với verify=False. Dữ liệu vẫn lấy được, nhưng domain này có vấn đề chứng chỉ SSL (cần lưu ý). Chi tiết: HTTPSConnectionPool(host='uneti.edu.vn', port=443): Max retries exceeded with url: /thong-bao-thu-hoc-phi-hoc-ki-2-nam-hoc-2025-2026/ (Caused by SSLError(SSLCertVerificationError(1, '[SSL: CERTIFICATE_VERIFY_FAILED] certificate verify failed: unable to get local issuer certificate (_ssl.c:1081)')))
  ⚠️  SSL verify FAILED cho vertexaisearch.cloud.google.com -> retry với verify=False. Dữ liệu vẫn lấy được, nhưng domain này có vấn đề chứng chỉ SSL (cần lưu ý). Chi tiết: HTTPSConnectionPool(host='uneti.edu.vn', port=443): Max retries exceeded with url: /category/hoc-bong-hoc-phi/ (Caused by SSLError(SSLCertVerificationError(1, '[SSL: CERTIFICATE_VERIFY_FAILED] certificate verify failed: unable to get local issuer certificate (_ssl.c:1081)')))
  ⚠️  SSL verify FAILED cho vertexaisearch.cloud.google.com -> retry với verify=False. Dữ liệu vẫn lấy được, nhưng domain này có vấn đề chứng chỉ SSL (cần lưu ý). Chi tiết: HTTPSConnectionPool(host='uneti.edu.vn', port=443): Max retries exceeded with url: /hoc-bong-hoc-phi/ (Caused by SSLError(SSLCertVerificationError(1, '[SSL: CERTIFICATE_VERIFY_FAILED] certificate verify failed: unable to get local issuer certificate (_ssl.c:1081)')))
  ⚠️  SSL verify FAILED cho vertexaisearch.cloud.google.com -> retry với verify=False. Dữ liệu vẫn lấy được, nhưng domain này có vấn đề chứng chỉ SSL (cần lưu ý). Chi tiết: HTTPSConnectionPool(host='uneti.edu.vn', port=443): Max retries exceeded with url: /thong-bao-thu-hoc-phi-hoc-ki-1-nam-hoc-2025-2026/ (Caused by SSLError(SSLCertVerificationError(1, '[SSL: CERTIFICATE_VERIFY_FAILED] certificate verify failed: unable to get local issuer certificate (_ssl.c:1081)')))
  ⚠️  SSL verify FAILED cho uneti.edu.vn -> retry với verify=False. Dữ liệu vẫn lấy được, nhưng domain này có vấn đề chứng chỉ SSL (cần lưu ý). Chi tiết: HTTPSConnectionPool(host='uneti.edu.vn', port=443): Max retries exceeded with url: /category/hoc-bong-hoc-phi/ (Caused by SSLError(SSLCertVerificationError(1, '[SSL: CERTIFICATE_VERIFY_FAILED] certificate verify failed: unable to get local issuer certificate (_ssl.c:1081)')))
    -> needs_deeper_crawl, ngành có học phí: 0, school_wide: - (https://uneti.edu.vn/thong-bao-thu-hoc-phi-hoc-ki-1-nam-hoc-)
[42/43] XSH Trường Đại học Khoa học Xã hội và Nhân văn - Đại học Quốc gia Thành phố Hồ Chí Minh...
    -> success, ngành có học phí: 5, school_wide: 16.9-45.0 (https://ussh.vnu.edu.vn/vi/news/thong-bao/thong-bao-ke-hoach)
[43/43] YDH Trường Đại học Y Dược - Đại học Huế...
  ↪ Playwright fallback cho vertexaisearch.cloud.google.com (requests trả nội dung rỗng/ngắn)
    -> success, ngành có học phí: 3, school_wide: 36.6-61.1 (https://laodong.vn/tuyen-sinh/du-kien-hoc-phi-truong-dai-hoc)

✅ Xong 43 trường.
   Summary: /Users/fuzzefer/projects/zpath/pipeline/data/output/tuition_2026_summary.csv
   JSON: /Users/fuzzefer/projects/zpath/pipeline/data/output/tuition_2026_results/
