Phạm vi: 53 | đã có: 2 | sẽ crawl: 51

[1/51] CSH Học viện Cảnh sát Nhân dân...
    -> success, ngành có học phí: 3, school_wide: 0-0 (https://hvcsnd.edu.vn/de-an-tuyen-sinh-he-dao-tao-sau-dai-ho)
[2/51] CTS Trường Đại học Cần Thơ...
    -> success, ngành có học phí: 2, school_wide: 40-40 (https://khoahoc.vietjack.com/tuyen-sinh/1071/hoc-phi-dai-hoc)
[3/51] DAG Trường Đại học An Giang - Đại học Quốc gia Thành phố Hồ Chí Minh...
    -> partial, ngành có học phí: 10, school_wide: - (https://tailieuhoctap.edu.vn/tin-tuc/dai-hoc-an-giang-hoc-ph)
[4/51] DDL Trường Đại học Điện lực...
    -> success, ngành có học phí: 3, school_wide: - (https://khoahoc.vietjack.com/tuyen-sinh/1417/hoc-phi-dai-hoc)
[5/51] DDT Trường Đại học Duy Tân...
    -> success, ngành có học phí: 4, school_wide: 16-99 (https://edu2review.com/reviews/hoc-phi-dai-hoc-duy-tan-co-ca)
[6/51] DED Trường Đại học Sư phạm - Đại học Đà Nẵng...
    -> needs_deeper_crawl, ngành có học phí: 0, school_wide: - (https://tuyensinh.ued.udn.vn/)
[7/51] DGD Trường Đại học Công nghiệp Thành phố Hồ Chí Minh...
  ⚠️  SSL verify FAILED cho vertexaisearch.cloud.google.com -> retry với verify=False. Dữ liệu vẫn lấy được, nhưng domain này có vấn đề chứng chỉ SSL (cần lưu ý). Chi tiết: HTTPSConnectionPool(host='tuyensinh.iuh.edu.vn', port=443): Max retries exceeded with url: / (Caused by SSLError(SSLCertVerificationError(1, '[SSL: CERTIFICATE_VERIFY_FAILED] certificate verify failed: unable to get local issuer certificate (_ssl.c:1081)')))
    -> partial, ngành có học phí: 3, school_wide: 32.85-53.58 (https://fptshop.com.vn/tin-tuc/danh-gia/hoc-phi-dai-hoc-cong)
[8/51] DHA Trường Đại học Luật - Đại học Huế...
    -> success, ngành có học phí: 2, school_wide: 18-18 (https://thi.tuyensinh247.com/thong-tin-tuyen-sinh-dai-hoc-lu)
[9/51] DHF Trường Đại học Ngoại ngữ - Đại học Huế...
    -> success, ngành có học phí: 2, school_wide: 15.9-21.8 (https://khoahoc.vietjack.com/tuyen-sinh/1229/hoc-phi-dai-hoc)
[10/51] DHP Trường Đại học Hải Phòng...
    -> success, ngành có học phí: 1, school_wide: - (https://hpu.edu.vn/blogs/trai-nghiem-hpu/hoc-phi-dai-hoc-hai)
[11/51] DHS Trường Đại học Sư phạm - Đại học Huế...
    -> partial, ngành có học phí: 1, school_wide: - (https://thi.tuyensinh247.com/thong-tin-tuyen-sinh-truong-dai)
[12/51] DKH Trường Đại học Dược Hà Nội...
    -> success, ngành có học phí: 0, school_wide: 28-58 (https://baomoi.com/hoc-phi-he-dai-tra-truong-dai-hoc-duoc-ha)
[13/51] DLA Trường Đại học Kinh tế Công nghiệp Long An...
    -> success, ngành có học phí: 1, school_wide: 29.8-29.8 (https://tuyensinh.daihoclongan.edu.vn/dao-tao-tai-dla/hoc-ph)
[14/51] DNV Trường Đại học Nội vụ Hà Nội...
    -> success, ngành có học phí: 3, school_wide: 17-20 (https://jobsgo.vn/blog/dai-hoc-noi-vu-ra-truong-lam-gi/)
[15/51] DPH Trường Đại học Phạm Văn Đồng...
    -> success, ngành có học phí: 14, school_wide: - (https://trangedu.com/truong/dai-hoc-pham-van-dong/)
[16/51] DPX Trường Đại học Sư phạm Thành phố Hồ Chí Minh...
    -> error, ngành có học phí: 0, school_wide: - ()
[17/51] DQC Trường Đại học Quảng Bình...
    -> partial, ngành có học phí: 0, school_wide: 10.6-11.5 (https://vietjack.com/thong-tin-tuyen-sinh/hoc-phi-truong-dai)
[18/51] DQL Trường Đại học Luật Thành phố Hồ Chí Minh...
  ⚠️  SSL verify FAILED cho vertexaisearch.cloud.google.com -> retry với verify=False. Dữ liệu vẫn lấy được, nhưng domain này có vấn đề chứng chỉ SSL (cần lưu ý). Chi tiết: HTTPSConnectionPool(host='ts.hcmulaw.edu.vn', port=443): Max retries exceeded with url: /thong-tin-tuyen-sinh-dai-hoc/thong-bao-phuong-thuc-tuyen-sinh-chinh-thuc-nam-2026-733.html (Caused by SSLError(SSLCertVerificationError(1, '[SSL: CERTIFICATE_VERIFY_FAILED] certificate verify failed: unable to get local issuer certificate (_ssl.c:1081)')))
    -> success, ngành có học phí: 3, school_wide: 44-220 (https://plo.vn/hoc-phi-va-chi-tieu-tuyen-sinh-5-truong-dai-h)
[19/51] DUE Trường Đại học Kinh tế - Đại học Đà Nẵng...
    -> success, ngành có học phí: 5, school_wide: 27.5-42.0 (https://khoahoc.vietjack.com/tuyen-sinh/1280/hoc-phi-dai-hoc)
[20/51] EDU Trường Đại học Giáo dục - Đại học Quốc gia Hà Nội...
    -> success, ngành có học phí: 1, school_wide: 17.9-19.1 (https://thi.tuyensinh247.com/hoc-phi-12-truong-thuoc-dai-hoc)
[21/51] HAU Trường Đại học Kiến trúc Hà Nội...
    -> success, ngành có học phí: 11, school_wide: 15.2-82.5 (https://khoahoc.vietjack.com/tuyen-sinh/1270/hoc-phi-truong-)
[22/51] HHA Trường Đại học Hàng hải Việt Nam...
  ⚠️  SSL verify FAILED cho vertexaisearch.cloud.google.com -> retry với verify=False. Dữ liệu vẫn lấy được, nhưng domain này có vấn đề chứng chỉ SSL (cần lưu ý). Chi tiết: HTTPSConnectionPool(host='daotao.vimaru.edu.vn', port=443): Max retries exceeded with url: /thong-bao/thong-bao-ve-viec-nop-hoc-phi-hoc-ky-phu-nam-hoc-2025-2026 (Caused by SSLError(SSLCertVerificationError(1, '[SSL: CERTIFICATE_VERIFY_FAILED] certificate verify failed: unable to get local issuer certificate (_ssl.c:1081)')))
    -> partial, ngành có học phí: 5, school_wide: - (https://muaban.net/blog/hoc-phi-dai-hoc-hang-hai-360397/)
[23/51] HIU Trường Đại học Quốc tế Hồng Bàng...
    -> partial, ngành có học phí: 9, school_wide: - (https://jobtest.vn/hrblog/hoc-phi-dai-hoc-hong-bang)
[24/51] KCN Trường Đại học Khoa học và Công nghệ Hà Nội...
    -> success, ngành có học phí: 7, school_wide: 22-125 (https://usth.edu.vn/thong-bao-quy-dinh-muc-hoc-phi-chinh-thu)
[25/51] KMA Học viện Kỹ thuật Mật mã...
  ↪ Playwright fallback cho vertexaisearch.cloud.google.com (requests trả nội dung rỗng/ngắn)
    -> success, ngành có học phí: 1, school_wide: - (https://laodong.vn/tuyen-sinh/du-kien-hoc-phi-hoc-vien-ky-th)
[26/51] KTC Trường Đại học Kinh tế - Tài chính Thành phố Hồ Chí Minh...
    -> success, ngành có học phí: 0, school_wide: 80-88 (https://www.uef.edu.vn/tin-tuyen-sinh/hoc-phi-hoc-bong)
[27/51] KTH Trường Đại học Kinh tế - Đại học Huế...
    -> error, ngành có học phí: 0, school_wide: - ()
[28/51] LDA Trường Đại học Lao động - Xã hội...
  ⚠️  SSL verify FAILED cho vertexaisearch.cloud.google.com -> retry với verify=False. Dữ liệu vẫn lấy được, nhưng domain này có vấn đề chứng chỉ SSL (cần lưu ý). Chi tiết: HTTPSConnectionPool(host='ulsa.edu.vn', port=443): Max retries exceeded with url: /tuyen-sinh/tuyen-sinh-sau-dai-hoc/quy-dinh-muc-thu-tam-tinh-hoc-phi-toan-khoa-tuyen-sinh-nam-2025/ (Caused by SSLError(SSLCertVerificationError(1, '[SSL: CERTIFICATE_VERIFY_FAILED] certificate verify failed: unable to get local issuer certificate (_ssl.c:1081)')))
  ⚠️  SSL verify FAILED cho vertexaisearch.cloud.google.com -> retry với verify=False. Dữ liệu vẫn lấy được, nhưng domain này có vấn đề chứng chỉ SSL (cần lưu ý). Chi tiết: HTTPSConnectionPool(host='ulsa.edu.vn', port=443): Max retries exceeded with url: / (Caused by SSLError(SSLCertVerificationError(1, '[SSL: CERTIFICATE_VERIFY_FAILED] certificate verify failed: unable to get local issuer certificate (_ssl.c:1081)')))
    -> needs_deeper_crawl, ngành có học phí: 0, school_wide: - (https://taro.edu.vn/de-an-tuyen-sinh/dai-hoc-lao-dong-xa-hoi)
[29/51] LHN Trường Đại học Luật Hà Nội...
    -> success, ngành có học phí: 5, school_wide: - (https://diemthi.tuyensinh247.com/de-an-tuyen-sinh/dai-hoc-lu)
[30/51] MHN Trường Đại học Mở Hà Nội...
    -> success, ngành có học phí: 8, school_wide: 18.038-63.223 (https://baodanang.vn/hoc-phi-truong-dai-hoc-mo-ha-noi-nam-20)
[31/51] MSH Trường Đại học Mỹ thuật Thành phố Hồ Chí Minh...
    -> needs_deeper_crawl, ngành có học phí: 0, school_wide: - (https://hcmufa.edu.vn/)
[32/51] OU Trường Đại học Mở Thành phố Hồ Chí Minh...
    -> success, ngành có học phí: 7, school_wide: 26.5-50.0 (https://dienthoaivui.com.vn/back-to-school-hoc-phi-dai-hoc-m)
[33/51] QHQ Trường Quốc tế - Đại học Quốc gia Hà Nội...
    -> success, ngành có học phí: 14, school_wide: 39.75-112.7 (https://unizone.edu.vn/hoc-phi-khoa-quoc-te-dhqghn/)
[34/51] QHT Trường Đại học Khoa học Tự nhiên - Đại học Quốc gia Hà Nội...
    -> needs_deeper_crawl, ngành có học phí: 0, school_wide: - (https://vnu.edu.vn/)
[35/51] QSK Trường Đại học Kinh tế - Luật - Đại học Quốc gia Thành phố Hồ Chí Minh...
    -> success, ngành có học phí: 4, school_wide: 35.8-91.25 (https://tuyensinh.uel.edu.vn/thong-tin-tuyen-sinh-dai-hoc-ch)
[36/51] SGD Trường Đại học Sài Gòn...
    -> needs_deeper_crawl, ngành có học phí: 0, school_wide: - (https://www.sgu.edu.vn/)
[37/51] SKD Trường Đại học Sân khấu - Điện ảnh Hà Nội...
    -> success, ngành có học phí: 4, school_wide: 15.2-38 (https://jobsgo.vn/blog/dai-hoc-san-khau-dien-anh/)
[38/51] TBU Trường Đại học Tây Bắc...
    -> partial, ngành có học phí: 4, school_wide: - (https://vietjack.com/thong-tin-tuyen-sinh/hoc-phi-truong-dai)
[39/51] TDTU Trường Đại học Tôn Đức Thắng...
    -> success, ngành có học phí: 6, school_wide: 20.5-88 (https://thanhnien.vn/hoc-phi-thap-nhat-truong-dh-ton-duc-tha)
[40/51] TDU Trường Đại học Tây Nguyên...
  ⚠️  SSL verify FAILED cho vertexaisearch.cloud.google.com -> retry với verify=False. Dữ liệu vẫn lấy được, nhưng domain này có vấn đề chứng chỉ SSL (cần lưu ý). Chi tiết: HTTPSConnectionPool(host='www.tnjos.vn', port=443): Max retries exceeded with url: /index.php/mthongbao/thongbaohv/7188-1108042601 (Caused by SSLError(SSLCertVerificationError(1, "[SSL: CERTIFICATE_VERIFY_FAILED] certificate verify failed: Hostname mismatch, certificate is not valid for 'www.tnjos.vn'. (_ssl.c:1081)")))
    -> partial, ngành có học phí: 10, school_wide: 0-20.4 (https://zunia.vn/tra-cuu/hoc-phi-truong-dai-hoc-tay-nguyen-c)
[41/51] TKG Trường Đại học Kiên Giang...
    -> success, ngành có học phí: 4, school_wide: - (https://khoahoc.vietjack.com/school/142/dai-hoc-kien-giang-t)
[42/51] TQU Trường Đại học Tân Trào...
    -> partial, ngành có học phí: 2, school_wide: 9.5-11.7 (http://thongtintuyensinh247.com/hoc-phi-dai-hoc-tan-trao/)
[43/51] UAH Trường Đại học Kiến trúc Thành phố Hồ Chí Minh...
    -> partial, ngành có học phí: 14, school_wide: - (https://timviec365.vn/blog/hoc-phi-truong-dai-hoc-kien-truc-)
[44/51] UMT Trường Đại học Quản lý và Công nghệ Thành phố Hồ Chí Minh...
    -> partial, ngành có học phí: 10, school_wide: 34-34 (https://muctim.tuoitre.vn/nam-2026-truong-dai-hoc-quan-ly-va)
[45/51] UNETI Trường Đại học Kinh tế - Kỹ thuật Công nghiệp...
  ⚠️  SSL verify FAILED cho vertexaisearch.cloud.google.com -> retry với verify=False. Dữ liệu vẫn lấy được, nhưng domain này có vấn đề chứng chỉ SSL (cần lưu ý). Chi tiết: HTTPSConnectionPool(host='uneti.edu.vn', port=443): Max retries exceeded with url: /thong-bao-thu-hoc-phi-hoc-ki-1-nam-hoc-2025-2026/ (Caused by SSLError(SSLCertVerificationError(1, '[SSL: CERTIFICATE_VERIFY_FAILED] certificate verify failed: unable to get local issuer certificate (_ssl.c:1081)')))
  ⚠️  SSL verify FAILED cho vertexaisearch.cloud.google.com -> retry với verify=False. Dữ liệu vẫn lấy được, nhưng domain này có vấn đề chứng chỉ SSL (cần lưu ý). Chi tiết: HTTPSConnectionPool(host='uneti.edu.vn', port=443): Max retries exceeded with url: /thong-bao-thu-hoc-phi-hoc-ki-2-nam-hoc-2025-2026/ (Caused by SSLError(SSLCertVerificationError(1, '[SSL: CERTIFICATE_VERIFY_FAILED] certificate verify failed: unable to get local issuer certificate (_ssl.c:1081)')))
  ⚠️  SSL verify FAILED cho vertexaisearch.cloud.google.com -> retry với verify=False. Dữ liệu vẫn lấy được, nhưng domain này có vấn đề chứng chỉ SSL (cần lưu ý). Chi tiết: HTTPSConnectionPool(host='uneti.edu.vn', port=443): Max retries exceeded with url: /hoc-bong-hoc-phi/ (Caused by SSLError(SSLCertVerificationError(1, '[SSL: CERTIFICATE_VERIFY_FAILED] certificate verify failed: unable to get local issuer certificate (_ssl.c:1081)')))
  ⚠️  SSL verify FAILED cho uneti.edu.vn -> retry với verify=False. Dữ liệu vẫn lấy được, nhưng domain này có vấn đề chứng chỉ SSL (cần lưu ý). Chi tiết: HTTPSConnectionPool(host='uneti.edu.vn', port=443): Max retries exceeded with url: /category/tuyen-sinh/thong-bao-ke-hoach-tuyen-sinh/ (Caused by SSLError(SSLCertVerificationError(1, '[SSL: CERTIFICATE_VERIFY_FAILED] certificate verify failed: unable to get local issuer certificate (_ssl.c:1081)')))
    -> needs_deeper_crawl, ngành có học phí: 0, school_wide: - (https://uneti.edu.vn/hoc-bong-hoc-phi/)
[46/51] VJD Trường Đại học Việt Nhật - Đại học Quốc gia Hà Nội...
  ⚠️  SSL verify FAILED cho vertexaisearch.cloud.google.com -> retry với verify=False. Dữ liệu vẫn lấy được, nhưng domain này có vấn đề chứng chỉ SSL (cần lưu ý). Chi tiết: HTTPSConnectionPool(host='tuyensinh.vnu.edu.vn', port=443): Max retries exceeded with url: /index.php/Home/viewpage/154 (Caused by SSLError(SSLCertVerificationError(1, '[SSL: CERTIFICATE_VERIFY_FAILED] certificate verify failed: unable to get local issuer certificate (_ssl.c:1081)')))
    -> success, ngành có học phí: 6, school_wide: 25-58 (https://tuyensinh.vnu.edu.vn/index.php/Home/viewpage/154)
[47/51] VLU Trường Đại học Văn Lang...
    -> success, ngành có học phí: 4, school_wide: 40-60 (https://edu2review.com/reviews/sinh-vien-nghi-gi-ve-dai-hoc-)
[48/51] VNC Nhạc viện Thành phố Hồ Chí Minh...
    -> success, ngành có học phí: 0, school_wide: 13.2-13.5 (https://jobsgo.vn/blog/nhac-vien-tphcm/)
[49/51] XSH Trường Đại học Khoa học Xã hội và Nhân văn - Đại học Quốc gia Thành phố Hồ Chí Minh...
    -> success, ngành có học phí: 5, school_wide: 16.9-45.0 (https://ussh.vnu.edu.vn/vi/news/thong-bao/thong-bao-ke-hoach)
[50/51] YDH Trường Đại học Y Dược - Đại học Huế...
    -> needs_deeper_crawl, ngành có học phí: 0, school_wide: - (https://huemed-univ.edu.vn/)
[51/51] YQD Học viện Quân y...
    -> success, ngành có học phí: 1, school_wide: 0-0 (https://huongnghiep.hocmai.vn/tuyen-sinh-2026-hoc-vien-quan-)

✅ Xong 51 trường.
   Summary: /Users/fuzzefer/projects/zpath/pipeline/data/output/tuition_2026_summary.csv
   JSON: /Users/fuzzefer/projects/zpath/pipeline/data/output/tuition_2026_results/
